Component: Arm Compiler for Embedded 6.19 Tool: armlink [5e73cb00]

==============================================================================

Section Cross References

    main.o(.text) refers (Special) to _printf_percent.o(.ARM.Collect$$_printf_percent$$00000000) for _printf_percent
    main.o(.text) refers (Special) to _printf_pad.o(.text) for _printf_pre_padding
    main.o(.text) refers (Special) to _printf_s.o(.ARM.Collect$$_printf_percent$$00000014) for _printf_s
    main.o(.text) refers (Special) to _printf_x.o(.ARM.Collect$$_printf_percent$$0000000C) for _printf_x
    main.o(.text) refers (Special) to _printf_d.o(.ARM.Collect$$_printf_percent$$00000009) for _printf_d
    main.o(.text) refers (Special) to _printf_dec.o(.text) for _printf_int_dec
    main.o(.text) refers (Special) to _printf_hex_int.o(.text) for _printf_longlong_hex
    main.o(.text) refers (Special) to _printf_str.o(.text) for _printf_str
    main.o(.text) refers (Special) to _scanf_int.o(.text) for _scanf_int
    main.o(.text.main) refers (Special) to _printf_percent.o(.ARM.Collect$$_printf_percent$$00000000) for _printf_percent
    main.o(.text.main) refers (Special) to _printf_pad.o(.text) for _printf_pre_padding
    main.o(.text.main) refers (Special) to _printf_s.o(.ARM.Collect$$_printf_percent$$00000014) for _printf_s
    main.o(.text.main) refers (Special) to _printf_x.o(.ARM.Collect$$_printf_percent$$0000000C) for _printf_x
    main.o(.text.main) refers (Special) to _printf_d.o(.ARM.Collect$$_printf_percent$$00000009) for _printf_d
    main.o(.text.main) refers (Special) to _printf_dec.o(.text) for _printf_int_dec
    main.o(.text.main) refers (Special) to _printf_hex_int.o(.text) for _printf_longlong_hex
    main.o(.text.main) refers (Special) to _printf_str.o(.text) for _printf_str
    main.o(.text.main) refers (Special) to _scanf_int.o(.text) for _scanf_int
    main.o(.text.main) refers to system_stm32f3xx.o(.data.SystemCoreClock) for SystemCoreClock
    main.o(.text.main) refers to main.o(.text.I2C_config) for I2C_config
    main.o(.text.main) refers to main.o(.rodata.str1.1) for .L.str.1
    main.o(.ARM.exidx.text.main) refers (Special) to _printf_percent.o(.ARM.Collect$$_printf_percent$$00000000) for _printf_percent
    main.o(.ARM.exidx.text.main) refers (Special) to _printf_pad.o(.text) for _printf_pre_padding
    main.o(.ARM.exidx.text.main) refers (Special) to _printf_s.o(.ARM.Collect$$_printf_percent$$00000014) for _printf_s
    main.o(.ARM.exidx.text.main) refers (Special) to _printf_x.o(.ARM.Collect$$_printf_percent$$0000000C) for _printf_x
    main.o(.ARM.exidx.text.main) refers (Special) to _printf_d.o(.ARM.Collect$$_printf_percent$$00000009) for _printf_d
    main.o(.ARM.exidx.text.main) refers (Special) to _printf_dec.o(.text) for _printf_int_dec
    main.o(.ARM.exidx.text.main) refers (Special) to _printf_hex_int.o(.text) for _printf_longlong_hex
    main.o(.ARM.exidx.text.main) refers (Special) to _printf_str.o(.text) for _printf_str
    main.o(.ARM.exidx.text.main) refers (Special) to _scanf_int.o(.text) for _scanf_int
    main.o(.ARM.exidx.text.main) refers to main.o(.text.main) for [Anonymous Symbol]
    main.o(.text.USART_config) refers (Special) to _printf_percent.o(.ARM.Collect$$_printf_percent$$00000000) for _printf_percent
    main.o(.text.USART_config) refers (Special) to _printf_pad.o(.text) for _printf_pre_padding
    main.o(.text.USART_config) refers (Special) to _printf_s.o(.ARM.Collect$$_printf_percent$$00000014) for _printf_s
    main.o(.text.USART_config) refers (Special) to _printf_x.o(.ARM.Collect$$_printf_percent$$0000000C) for _printf_x
    main.o(.text.USART_config) refers (Special) to _printf_d.o(.ARM.Collect$$_printf_percent$$00000009) for _printf_d
    main.o(.text.USART_config) refers (Special) to _printf_dec.o(.text) for _printf_int_dec
    main.o(.text.USART_config) refers (Special) to _printf_hex_int.o(.text) for _printf_longlong_hex
    main.o(.text.USART_config) refers (Special) to _printf_str.o(.text) for _printf_str
    main.o(.text.USART_config) refers (Special) to _scanf_int.o(.text) for _scanf_int
    main.o(.text.USART_config) refers to system_stm32f3xx.o(.data.SystemCoreClock) for SystemCoreClock
    main.o(.ARM.exidx.text.USART_config) refers (Special) to _printf_percent.o(.ARM.Collect$$_printf_percent$$00000000) for _printf_percent
    main.o(.ARM.exidx.text.USART_config) refers (Special) to _printf_pad.o(.text) for _printf_pre_padding
    main.o(.ARM.exidx.text.USART_config) refers (Special) to _printf_s.o(.ARM.Collect$$_printf_percent$$00000014) for _printf_s
    main.o(.ARM.exidx.text.USART_config) refers (Special) to _printf_x.o(.ARM.Collect$$_printf_percent$$0000000C) for _printf_x
    main.o(.ARM.exidx.text.USART_config) refers (Special) to _printf_d.o(.ARM.Collect$$_printf_percent$$00000009) for _printf_d
    main.o(.ARM.exidx.text.USART_config) refers (Special) to _printf_dec.o(.text) for _printf_int_dec
[...]
    Removing system_stm32f3xx.o(.ARM.exidx.text.SystemCoreClockUpdate), (8 bytes).
    Removing system_stm32f3xx.o(.rodata.AHBPrescTable), (16 bytes).
    Removing system_stm32f3xx.o(.rodata.APBPrescTable), (8 bytes).

30 unused section(s) (total 605 bytes) removed from the image.

==============================================================================

Image Symbol Table

    Local Symbols

    Symbol Name                              Value     Ov Type        Size  Object(Section)

    ../clib/angel/boardlib.s                 0x00000000   Number         0  boardinit1.o ABSOLUTE
    ../clib/angel/boardlib.s                 0x00000000   Number         0  boardinit2.o ABSOLUTE
    ../clib/angel/boardlib.s                 0x00000000   Number         0  boardinit3.o ABSOLUTE
    ../clib/angel/boardlib.s                 0x00000000   Number         0  boardshut.o ABSOLUTE
    ../clib/angel/handlers.s                 0x00000000   Number         0  __scatter_copy.o ABSOLUTE
    ../clib/angel/handlers.s                 0x00000000   Number         0  __scatter_zi.o ABSOLUTE
    ../clib/angel/kernel.s                   0x00000000   Number         0  __rtentry.o ABSOLUTE
    ../clib/angel/kernel.s                   0x00000000   Number         0  __rtentry2.o ABSOLUTE
    ../clib/angel/kernel.s                   0x00000000   Number         0  __rtentry4.o ABSOLUTE
    ../clib/angel/kernel.s                   0x00000000   Number         0  rtexit.o ABSOLUTE
    ../clib/angel/kernel.s                   0x00000000   Number         0  rtexit2.o ABSOLUTE
    ../clib/angel/rt.s                       0x00000000   Number         0  rt_ctype_table.o ABSOLUTE
    ../clib/angel/rt.s                       0x00000000   Number         0  rt_heap_descriptor.o ABSOLUTE
    ../clib/angel/rt.s                       0x00000000   Number         0  rt_heap_descriptor_intlibspace.o ABSOLUTE
    ../clib/angel/rt.s                       0x00000000   Number         0  rt_errno_addr.o ABSOLUTE
    ../clib/angel/rt.s                       0x00000000   Number         0  rt_errno_addr_intlibspace.o ABSOLUTE
    ../clib/angel/rt.s                       0x00000000   Number         0  rt_locale.o ABSOLUTE
    ../clib/angel/rt.s                       0x00000000   Number         0  rt_locale_intlibspace.o ABSOLUTE
    ../clib/angel/rt.s                       0x00000000   Number         0  rt_raise.o ABSOLUTE
    ../clib/angel/scatter.s                  0x00000000   Number         0  __scatter.o ABSOLUTE
    ../clib/angel/startup.s                  0x00000000   Number         0  __main.o ABSOLUTE
    ../clib/angel/sys.s                      0x00000000   Number         0  mutex_dummy.o ABSOLUTE
    ../clib/angel/sys.s                      0x00000000   Number         0  libspace.o ABSOLUTE
    ../clib/angel/sys.s                      0x00000000   Number         0  use_no_semi.o ABSOLUTE
    ../clib/angel/sys.s                      0x00000000   Number         0  indicate_semi.o ABSOLUTE
    ../clib/angel/sys.s                      0x00000000   Number         0  sys_stackheap_outer.o ABSOLUTE
    ../clib/angel/sysapp.c                   0x00000000   Number         0  sys_command.o ABSOLUTE
    ../clib/angel/sysapp.c                   0x00000000   Number         0  sys_command_hlt.o ABSOLUTE
    ../clib/angel/sysapp.c                   0x00000000   Number         0  sys_exit.o ABSOLUTE
    ../clib/angel/sysapp.c                   0x00000000   Number         0  sys_exit_hlt.o ABSOLUTE
    ../clib/angel/sysapp.c                   0x00000000   Number         0  sys_wrch.o ABSOLUTE
    ../clib/angel/sysapp.c                   0x00000000   Number         0  sys_wrch_hlt.o ABSOLUTE
    ../clib/armsys.c                         0x00000000   Number         0  _get_argv.o ABSOLUTE
    ../clib/armsys.c                         0x00000000   Number         0  argv_veneer.o ABSOLUTE
    ../clib/armsys.c                         0x00000000   Number         0  argv_veneer.o ABSOLUTE
    ../clib/armsys.c                         0x00000000   Number         0  _get_argv_nomalloc.o ABSOLUTE
    ../clib/armsys.c                         0x00000000   Number         0  no_argv.o ABSOLUTE
    ../clib/ctype.c                          0x00000000   Number         0  isspace.o ABSOLUTE
    ../clib/heap1.c                          0x00000000   Number         0  h1_alloc.o ABSOLUTE
    ../clib/heap1.c                          0x00000000   Number         0  h1_free.o ABSOLUTE
    ../clib/heap1.c                          0x00000000   Number         0  h1_alloc_threads.o ABSOLUTE
    ../clib/heap1.c                          0x00000000   Number         0  h1_free_threads.o ABSOLUTE
    ../clib/heap1.c                          0x00000000   Number         0  h1_init.o ABSOLUTE
    ../clib/heap1.c                          0x00000000   Number         0  h1_init_threads.o ABSOLUTE
    ../clib/heap1.c                          0x00000000   Number         0  h1_extend.o ABSOLUTE
    ../clib/heap1.c                          0x00000000   Number         0  h1_extend_threads.o ABSOLUTE
    ../clib/heap1.c                          0x00000000   Number         0  h1_final.o ABSOLUTE
    ../clib/heap1.c                          0x00000000   Number         0  h1_final_threads.o ABSOLUTE
    ../clib/heap2.c                          0x00000000   Number         0  heap2.o ABSOLUTE
    ../clib/heap2.c                          0x00000000   Number         0  heap2_threads.o ABSOLUTE
    ../clib/heap2.c                          0x00000000   Number         0  fdtree.o ABSOLUTE
    ../clib/heapalloc.c                      0x00000000   Number         0  malloc.o ABSOLUTE
    ../clib/heapalloc.c                      0x00000000   Number         0  free.o ABSOLUTE
    ../clib/heapalloc.c                      0x00000000   Number         0  hguard.o ABSOLUTE
    ../clib/heapalloc.c                      0x00000000   Number         0  init_alloc.o ABSOLUTE
    ../clib/heapalloc.c                      0x00000000   Number         0  heapstubs.o ABSOLUTE
    ../clib/heapalloc.c                      0x00000000   Number         0  hrguard.o ABSOLUTE
    ../clib/heapalloc.c                      0x00000000   Number         0  term_alloc.o ABSOLUTE
    ../clib/heapaux.c                        0x00000000   Number         0  heapauxi.o ABSOLUTE
    ../clib/heapaux.c                        0x00000000   Number         0  heapauxa.o ABSOLUTE
    ../clib/libinit.s                        0x00000000   Number         0  libinit2.o ABSOLUTE
    ../clib/libinit.s                        0x00000000   Number         0  libinit.o ABSOLUTE
    ../clib/libinit.s                        0x00000000   Number         0  libshutdown2.o ABSOLUTE
    ../clib/libinit.s                        0x00000000   Number         0  libshutdown.o ABSOLUTE
    ../clib/locale.s                         0x00000000   Number         0  lc_ctype_c.o ABSOLUTE
    ../clib/maybe.s                          0x00000000   Number         0  maybetermalloc1.o ABSOLUTE
    ../clib/maybe.s                          0x00000000   Number         0  maybetermalloc2.o ABSOLUTE
    ../clib/memcpset.s                       0x00000000   Number         0  aeabi_memset.o ABSOLUTE
    ../clib/memcpset.s                       0x00000000   Number         0  rt_memclr_w.o ABSOLUTE
    ../clib/memcpset.s                       0x00000000   Number         0  strcmpv7em.o ABSOLUTE
    ../clib/memcpset.s                       0x00000000   Number         0  rt_memcpy_w.o ABSOLUTE
    ../clib/memcpset.s                       0x00000000   Number         0  rt_memclr.o ABSOLUTE
    ../clib/misc.s                           0x00000000   Number         0  printf_stubs.o ABSOLUTE
    ../clib/printf.c                         0x00000000   Number         0  __2sprintf.o ABSOLUTE
    ../clib/printf.c                         0x00000000   Number         0  noretval__2sprintf.o ABSOLUTE
    ../clib/printf.c                         0x00000000   Number         0  __printf.o ABSOLUTE
    ../clib/printf.c                         0x00000000   Number         0  _printf_pad.o ABSOLUTE
    ../clib/printf.c                         0x00000000   Number         0  _printf_str.o ABSOLUTE
    ../clib/printf.c                         0x00000000   Number         0  _printf_dec.o ABSOLUTE
    ../clib/printf.c                         0x00000000   Number         0  _printf_hex_ll.o ABSOLUTE
    ../clib/printf.c                         0x00000000   Number         0  _printf_hex_int.o ABSOLUTE
    ../clib/printf.c                         0x00000000   Number         0  _printf_hex_int_ll.o ABSOLUTE
    ../clib/printf.c                         0x00000000   Number         0  _printf_hex_ptr.o ABSOLUTE
    ../clib/printf.c                         0x00000000   Number         0  _printf_hex_int_ptr.o ABSOLUTE
    ../clib/printf.c                         0x00000000   Number         0  _printf_hex_ll_ptr.o ABSOLUTE
    ../clib/printf.c                         0x00000000   Number         0  _printf_hex_int_ll_ptr.o ABSOLUTE
    ../clib/printf.c                         0x00000000   Number         0  __printf_flags.o ABSOLUTE
    ../clib/printf.c                         0x00000000   Number         0  __printf_ss.o ABSOLUTE
    ../clib/printf.c                         0x00000000   Number         0  __printf_flags_ss.o ABSOLUTE
    ../clib/printf.c                         0x00000000   Number         0  __printf_wp.o ABSOLUTE
    ../clib/printf.c                         0x00000000   Number         0  __printf_flags_wp.o ABSOLUTE
    ../clib/printf.c                         0x00000000   Number         0  __printf_ss_wp.o ABSOLUTE
    ../clib/printf.c                         0x00000000   Number         0  __printf_flags_ss_wp.o ABSOLUTE
    ../clib/printf.c                         0x00000000   Number         0  _printf_intcommon.o ABSOLUTE
    ../clib/printf.c                         0x00000000   Number         0  _printf_char_common.o ABSOLUTE
    ../clib/printf.c                         0x00000000   Number         0  _sputc.o ABSOLUTE
    ../clib/printf.c                         0x00000000   Number         0  _printf_char.o ABSOLUTE
    ../clib/printf.c                         0x00000000   Number         0  __printf_nopercent.o ABSOLUTE
    ../clib/printf_percent.s                 0x00000000   Number         0  _printf_s.o ABSOLUTE
    ../clib/printf_percent.s                 0x00000000   Number         0  _printf_x.o ABSOLUTE
    ../clib/printf_percent.s                 0x00000000   Number         0  _printf_d.o ABSOLUTE
    ../clib/printf_percent.s                 0x00000000   Number         0  _printf_percent.o ABSOLUTE
    ../clib/printf_percent.s                 0x00000000   Number         0  _printf_percent_end.o ABSOLUTE
    ../clib/scanf.c                          0x00000000   Number         0  __0sscanf.o ABSOLUTE
    ../clib/scanf.c                          0x00000000   Number         0  _scanf_int.o ABSOLUTE
    ../clib/scanf.c                          0x00000000   Number         0  strtoul.o ABSOLUTE
    ../clib/scanf.c                          0x00000000   Number         0  _chval.o ABSOLUTE
    ../clib/scanf.c                          0x00000000   Number         0  scanf_char.o ABSOLUTE
    ../clib/scanf.c                          0x00000000   Number         0  _sgetc.o ABSOLUTE
    ../clib/scanf.c                          0x00000000   Number         0  _strtoul.o ABSOLUTE
    ../clib/scanf.c                          0x00000000   Number         0  _scanf.o ABSOLUTE
    ../clib/signal.c                         0x00000000   Number         0  defsig_rtmem_outer.o ABSOLUTE
    ../clib/signal.c                         0x00000000   Number         0  defsig_rtmem_formal.o ABSOLUTE
    ../clib/signal.c                         0x00000000   Number         0  defsig_exit.o ABSOLUTE
    ../clib/signal.c                         0x00000000   Number         0  defsig_rtmem_inner.o ABSOLUTE
    ../clib/signal.c                         0x00000000   Number         0  __raise.o ABSOLUTE
    ../clib/signal.c                         0x00000000   Number         0  defsig_general.o ABSOLUTE
    ../clib/signal.c                         0x00000000   Number         0  defsig_abrt_inner.o ABSOLUTE
    ../clib/signal.c                         0x00000000   Number         0  defsig_fpe_inner.o ABSOLUTE
    ../clib/signal.c                         0x00000000   Number         0  defsig_rtred_inner.o ABSOLUTE
    ../clib/signal.c                         0x00000000   Number         0  defsig_stak_inner.o ABSOLUTE
    ../clib/signal.c                         0x00000000   Number         0  defsig_pvfn_inner.o ABSOLUTE
    ../clib/signal.c                         0x00000000   Number         0  defsig_cppl_inner.o ABSOLUTE
    ../clib/signal.c                         0x00000000   Number         0  defsig_segv_inner.o ABSOLUTE
    ../clib/signal.c                         0x00000000   Number         0  defsig_other.o ABSOLUTE
    ../clib/signal.s                         0x00000000   Number         0  defsig.o ABSOLUTE
    ../clib/stdlib.c                         0x00000000   Number         0  exit.o ABSOLUTE
    ../clib/string.c                         0x00000000   Number         0  strtok.o ABSOLUTE
    ../clib/string.c                         0x00000000   Number         0  strtok_int.o ABSOLUTE
    ../clib/string.c                         0x00000000   Number         0  strcspn.o ABSOLUTE
    ../clib/string.c                         0x00000000   Number         0  strspn.o ABSOLUTE
    ../fplib/fpinit.s                        0x00000000   Number         0  fpinit.o ABSOLUTE
    RTE/Device/STM32F303K8Tx/startup_stm32f303x8.s 0x00000000   Number         0  startup_stm32f303x8.o ABSOLUTE
    assemblerFunctions.s                     0x00000000   Number         0  assemblerfunctions.o ABSOLUTE
    call.s                                   0x00000000   Number         0  call.o ABSOLUTE
    dc.s                                     0x00000000   Number         0  dc.o ABSOLUTE
    main.c                                   0x00000000   Number         0  main.o ABSOLUTE
    memory_display.s                         0x00000000   Number         0  memory_display.o ABSOLUTE
    memory_modify.s                          0x00000000   Number         0  memory_modify.o ABSOLUTE
    run.s                                    0x00000000   Number         0  run.o ABSOLUTE
    system_stm32f3xx.c                       0x00000000   Number         0  system_stm32f3xx.o ABSOLUTE
    RESET                                    0x08000000   Section      392  startup_stm32f303x8.o(RESET)
    !!!main                                  0x08000188   Section        8  __main.o(!!!main)
    !!!scatter                               0x08000190   Section       52  __scatter.o(!!!scatter)
    !!handler_copy                           0x080001c4   Section       26  __scatter_copy.o(!!handler_copy)
    !!handler_zi                             0x080001e0   Section       28  __scatter_zi.o(!!handler_zi)
    .ARM.Collect$$_printf_percent$$00000000  0x080001fc   Section        0  _printf_percent.o(.ARM.Collect$$_printf_percent$$00000000)
    .ARM.Collect$$_printf_percent$$00000009  0x080001fc   Section        6  _printf_d.o(.ARM.Collect$$_printf_percent$$00000009)
    .ARM.Collect$$_printf_percent$$0000000C  0x08000202   Section        6  _printf_x.o(.ARM.Collect$$_printf_percent$$0000000C)
    .ARM.Collect$$_printf_percent$$00000014  0x08000208   Section        6  _printf_s.o(.ARM.Collect$$_printf_percent$$00000014)
    .ARM.Collect$$_printf_percent$$00000017  0x0800020e   Section        4  _printf_percent_end.o(.ARM.Collect$$_printf_percent$$00000017)
    .ARM.Collect$$libinit$$00000000          0x08000212   Section        2  libinit.o(.ARM.Collect$$libinit$$00000000)
    .ARM.Collect$$libinit$$00000001          0x08000214   Section        4  libinit2.o(.ARM.Collect$$libinit$$00000001)
    .ARM.Collect$$libinit$$00000004          0x08000218   Section        0  libinit2.o(.ARM.Collect$$libinit$$00000004)
    .ARM.Collect$$libinit$$00000006          0x08000218   Section        0  libinit2.o(.ARM.Collect$$libinit$$00000006)
    .ARM.Collect$$libinit$$00000007          0x08000218   Section        8  libinit2.o(.ARM.Collect$$libinit$$00000007)
    .ARM.Collect$$libinit$$0000000C          0x08000220   Section        0  libinit2.o(.ARM.Collect$$libinit$$0000000C)
    .ARM.Collect$$libinit$$0000000E          0x08000220   Section        0  libinit2.o(.ARM.Collect$$libinit$$0000000E)
    .ARM.Collect$$libinit$$00000010          0x08000220   Section        0  libinit2.o(.ARM.Collect$$libinit$$00000010)
    .ARM.Collect$$libinit$$00000011          0x08000220   Section        6  libinit2.o(.ARM.Collect$$libinit$$00000011)
    .ARM.Collect$$libinit$$00000013          0x08000226   Section        0  libinit2.o(.ARM.Collect$$libinit$$00000013)
    .ARM.Collect$$libinit$$00000014          0x08000226   Section       12  libinit2.o(.ARM.Collect$$libinit$$00000014)
    .ARM.Collect$$libinit$$00000015          0x08000232   Section        0  libinit2.o(.ARM.Collect$$libinit$$00000015)
    .ARM.Collect$$libinit$$00000017          0x08000232   Section        0  libinit2.o(.ARM.Collect$$libinit$$00000017)
    .ARM.Collect$$libinit$$00000019          0x08000232   Section        0  libinit2.o(.ARM.Collect$$libinit$$00000019)
    .ARM.Collect$$libinit$$0000001B          0x08000232   Section        0  libinit2.o(.ARM.Collect$$libinit$$0000001B)
    .ARM.Collect$$libinit$$0000001D          0x08000232   Section        0  libinit2.o(.ARM.Collect$$libinit$$0000001D)
    .ARM.Collect$$libinit$$0000001F          0x08000232   Section        0  libinit2.o(.ARM.Collect$$libinit$$0000001F)
    .ARM.Collect$$libinit$$00000021          0x08000232   Section        0  libinit2.o(.ARM.Collect$$libinit$$00000021)
    .ARM.Collect$$libinit$$00000023          0x08000232   Section        0  libinit2.o(.ARM.Collect$$libinit$$00000023)
    .ARM.Collect$$libinit$$00000025          0x08000232   Section        0  libinit2.o(.ARM.Collect$$libinit$$00000025)
    .ARM.Collect$$libinit$$00000027          0x08000232   Section        0  libinit2.o(.ARM.Collect$$libinit$$00000027)
    .ARM.Collect$$libinit$$0000002E          0x08000232   Section        0  libinit2.o(.ARM.Collect$$libinit$$0000002E)
    .ARM.Collect$$libinit$$00000030          0x08000232   Section        0  libinit2.o(.ARM.Collect$$libinit$$00000030)
    .ARM.Collect$$libinit$$00000032          0x08000232   Section        0  libinit2.o(.ARM.Collect$$libinit$$00000032)
    .ARM.Collect$$libinit$$00000034          0x08000232   Section        0  libinit2.o(.ARM.Collect$$libinit$$00000034)
    .ARM.Collect$$libinit$$00000035          0x08000232   Section        2  libinit2.o(.ARM.Collect$$libinit$$00000035)
    .ARM.Collect$$libshutdown$$00000000      0x08000234   Section        2  libshutdown.o(.ARM.Collect$$libshutdown$$00000000)
    .ARM.Collect$$libshutdown$$00000002      0x08000236   Section        0  libshutdown2.o(.ARM.Collect$$libshutdown$$00000002)
    .ARM.Collect$$libshutdown$$00000004      0x08000236   Section        0  libshutdown2.o(.ARM.Collect$$libshutdown$$00000004)
    .ARM.Collect$$libshutdown$$00000007      0x08000236   Section        0  libshutdown2.o(.ARM.Collect$$libshutdown$$00000007)
    .ARM.Collect$$libshutdown$$0000000A      0x08000236   Section        0  libshutdown2.o(.ARM.Collect$$libshutdown$$0000000A)
    .ARM.Collect$$libshutdown$$0000000C      0x08000236   Section        0  libshutdown2.o(.ARM.Collect$$libshutdown$$0000000C)
    .ARM.Collect$$libshutdown$$0000000F      0x08000236   Section        0  libshutdown2.o(.ARM.Collect$$libshutdown$$0000000F)
    .ARM.Collect$$libshutdown$$00000010      0x08000236   Section        2  libshutdown2.o(.ARM.Collect$$libshutdown$$00000010)
    .ARM.Collect$$rtentry$$00000000          0x08000238   Section        0  __rtentry.o(.ARM.Collect$$rtentry$$00000000)
    .ARM.Collect$$rtentry$$00000002          0x08000238   Section        0  __rtentry2.o(.ARM.Collect$$rtentry$$00000002)
    .ARM.Collect$$rtentry$$00000004          0x08000238   Section        6  __rtentry4.o(.ARM.Collect$$rtentry$$00000004)
    .ARM.Collect$$rtentry$$00000009          0x0800023e   Section        0  __rtentry2.o(.ARM.Collect$$rtentry$$00000009)
    .ARM.Collect$$rtentry$$0000000A          0x0800023e   Section        4  __rtentry2.o(.ARM.Collect$$rtentry$$0000000A)
    .ARM.Collect$$rtentry$$0000000C          0x08000242   Section        0  __rtentry2.o(.ARM.Collect$$rtentry$$0000000C)
    .ARM.Collect$$rtentry$$0000000D          0x08000242   Section        8  __rtentry2.o(.ARM.Collect$$rtentry$$0000000D)
    .ARM.Collect$$rtexit$$00000000           0x0800024a   Section        2  rtexit.o(.ARM.Collect$$rtexit$$00000000)
    .ARM.Collect$$rtexit$$00000002           0x0800024c   Section        0  rtexit2.o(.ARM.Collect$$rtexit$$00000002)
    .ARM.Collect$$rtexit$$00000003           0x0800024c   Section        4  rtexit2.o(.ARM.Collect$$rtexit$$00000003)
    .ARM.Collect$$rtexit$$00000004           0x08000250   Section        6  rtexit2.o(.ARM.Collect$$rtexit$$00000004)
    $v0                                      0x08000258   Number         0  assemblerfunctions.o(.text)
    .text                                    0x08000258   Section      142  assemblerfunctions.o(.text)
    $v0                                      0x080002e8   Number         0  memory_display.o(.text)
    .text                                    0x080002e8   Section       24  memory_display.o(.text)
    $v0                                      0x08000300   Number         0  memory_modify.o(.text)
    .text                                    0x08000300   Section       24  memory_modify.o(.text)
    $v0                                      0x08000318   Number         0  call.o(.text)
    .text                                    0x08000318   Section       10  call.o(.text)
    $v0                                      0x08000324   Number         0  run.o(.text)
    .text                                    0x08000324   Section       10  run.o(.text)
    $v0                                      0x08000330   Number         0  startup_stm32f303x8.o(.text)
    .text                                    0x08000330   Section       64  startup_stm32f303x8.o(.text)
    .text                                    0x08000370   Section        0  h1_alloc.o(.text)
    .text                                    0x080003ce   Section        0  h1_free.o(.text)
    .text                                    0x0800041c   Section        0  noretval__2sprintf.o(.text)
    .text                                    0x08000444   Section        0  _printf_pad.o(.text)
    .text                                    0x08000492   Section        0  _printf_str.o(.text)
    .text                                    0x080004e4   Section        0  _printf_dec.o(.text)
    .text                                    0x0800055c   Section        0  _printf_hex_int.o(.text)
    .text                                    0x080005b4   Section        0  __printf_flags_wp.o(.text)
    .text                                    0x080006ec   Section        0  __0sscanf.o(.text)
    .text                                    0x08000728   Section        0  _scanf_int.o(.text)
    .text                                    0x08000874   Section        0  strtoul.o(.text)
    .text                                    0x080008e8   Section        0  strtok.o(.text)
    .text                                    0x080008f4   Section       16  aeabi_memset.o(.text)
    .text                                    0x08000904   Section       78  rt_memclr_w.o(.text)
    .text                                    0x08000958   Section      124  strcmpv7em.o(.text)
    .text                                    0x080009d4   Section        0  heapauxi.o(.text)
    .text                                    0x080009dc   Section       16  rt_ctype_table.o(.text)
    .text                                    0x080009ec   Section        8  rt_heap_descriptor_intlibspace.o(.text)
    .text                                    0x080009f4   Section        8  rt_errno_addr_intlibspace.o(.text)
    .text                                    0x080009fc   Section        0  hguard.o(.text)
    .text                                    0x08000a00   Section        0  init_alloc.o(.text)
    .text                                    0x08000a8a   Section        0  h1_init.o(.text)
    .text                                    0x08000a98   Section        0  _printf_intcommon.o(.text)
    _printf_input_char                       0x08000b4d   Thumb Code    10  _printf_char_common.o(.text)
    .text                                    0x08000b4c   Section        0  _printf_char_common.o(.text)
    .text                                    0x08000b7c   Section        0  _sputc.o(.text)
    .text                                    0x08000b86   Section        0  _printf_char.o(.text)
    .text                                    0x08000bb2   Section        0  _chval.o(.text)
    _scanf_char_input                        0x08000bd1   Thumb Code    12  scanf_char.o(.text)
    .text                                    0x08000bd0   Section        0  scanf_char.o(.text)
    .text                                    0x08000bfc   Section        0  _sgetc.o(.text)
    .text                                    0x08000c3c   Section        0  _strtoul.o(.text)
    .text                                    0x08000cdc   Section        0  strtok_int.o(.text)
    .text                                    0x08000d20   Section       68  rt_memclr.o(.text)
    .text                                    0x08000d64   Section        8  libspace.o(.text)
    .text                                    0x08000d6c   Section        8  rt_locale_intlibspace.o(.text)
    .text                                    0x08000d74   Section        0  maybetermalloc1.o(.text)
    .text                                    0x08000d74   Section        0  h1_extend.o(.text)
    .text                                    0x08000da8   Section        0  isspace.o(.text)
    .text                                    0x08000dbc   Section        0  _scanf.o(.text)
    .text                                    0x08001130   Section        0  defsig_rtmem_outer.o(.text)
    .text                                    0x0800113e   Section        0  strcspn.o(.text)
    .text                                    0x0800115e   Section        0  strspn.o(.text)
    .text                                    0x0800117a   Section        2  use_no_semi.o(.text)
    .text                                    0x0800117c   Section        0  indicate_semi.o(.text)
    .text                                    0x0800117c   Section       74  sys_stackheap_outer.o(.text)
    .text                                    0x080011c6   Section        0  exit.o(.text)
    .text                                    0x080011d8   Section        0  defsig_exit.o(.text)
    .text                                    0x080011e4   Section        0  defsig_rtmem_inner.o(.text)
    .text                                    0x08001234   Section        0  sys_exit.o(.text)
    .text                                    0x08001240   Section        0  defsig_general.o(.text)
    .text                                    0x08001272   Section        0  sys_wrch.o(.text)
    [Anonymous Symbol]                       0x08001280   Section        0  main.o(.text.I2C_config)
    [Anonymous Symbol]                       0x080013c4   Section        0  main.o(.text.SysTick_Handler)
    [Anonymous Symbol]                       0x080013d4   Section        0  system_stm32f3xx.o(.text.SystemInit)
    [Anonymous Symbol]                       0x080013e8   Section        0  main.o(.text.USART2_IRQHandler)
    [Anonymous Symbol]                       0x08001738   Section        0  main.o(.text.blockFill)
    [Anonymous Symbol]                       0x08001878   Section        0  main.o(.text.callCommand)
    [Anonymous Symbol]                       0x0800197c   Section        0  main.o(.text.main)
    [Anonymous Symbol]                       0x08001aec   Section        0  main.o(.text.memoryDisplay)
    [Anonymous Symbol]                       0x08001d4c   Section        0  main.o(.text.memoryModify)
    [Anonymous Symbol]                       0x08001e70   Section        0  main.o(.text.registerDisplay)
    [Anonymous Symbol]                       0x08001f70   Section        0  main.o(.text.registerModify)
    [Anonymous Symbol]                       0x080021d4   Section        0  main.o(.text.runCommand)
    i._is_digit                              0x080022d4   Section        0  __printf_wp.o(i._is_digit)
    locale$$code                             0x080022e4   Section       44  lc_ctype_c.o(locale$$code)
    $v0                                      0x08002310   Number         0  fpinit.o(x$fpl$fpinit)
    x$fpl$fpinit                             0x08002310   Section       26  fpinit.o(x$fpl$fpinit)
    uc_hextab                                0x0800232a   Data          20  _printf_hex_int.o(.constdata)
    .constdata                               0x0800232a   Section       40  _printf_hex_int.o(.constdata)
    lc_hextab                                0x0800233e   Data          20  _printf_hex_int.o(.constdata)
    maptable                                 0x08002352   Data          17  __printf_flags_wp.o(.constdata)
    .constdata                               0x08002352   Section       17  __printf_flags_wp.o(.constdata)
    .L.str.6                                 0x08002363   Data          60  main.o(.rodata.str1.1)
    [Anonymous Symbol]                       0x08002363   Section        0  main.o(.rodata.str1.1)
    .L.str.60                                0x0800239f   Data          27  main.o(.rodata.str1.1)
    .L.str.54                                0x080023ba   Data          33  main.o(.rodata.str1.1)
    .L.str.58                                0x080023db   Data          26  main.o(.rodata.str1.1)
    .L.str.23                                0x080023f5   Data          39  main.o(.rodata.str1.1)
    .L.str.43                                0x0800241c   Data          37  main.o(.rodata.str1.1)
    .L.str.25                                0x08002441   Data          38  main.o(.rodata.str1.1)
    .L.str.50                                0x08002467   Data          36  main.o(.rodata.str1.1)
    .L.str.21                                0x08002486   Data           5  main.o(.rodata.str1.1)
    .L.str.3                                 0x0800248b   Data          62  main.o(.rodata.str1.1)
    .L.str.4                                 0x080024c9   Data          62  main.o(.rodata.str1.1)
    .L.str.5                                 0x08002507   Data          62  main.o(.rodata.str1.1)
    .L.str.2                                 0x08002545   Data          62  main.o(.rodata.str1.1)
    .L.str.1                                 0x08002583   Data          60  main.o(.rodata.str1.1)
    .L.str.53                                0x080025bf   Data          41  main.o(.rodata.str1.1)
    .L.str.55                                0x080025e8   Data          55  main.o(.rodata.str1.1)
    .L.str.51                                0x0800261f   Data          50  main.o(.rodata.str1.1)
    .L.str.48                                0x08002651   Data          34  main.o(.rodata.str1.1)
    .L.str.42                                0x08002673   Data          31  main.o(.rodata.str1.1)
    .L.str.57                                0x08002692   Data          29  main.o(.rodata.str1.1)
    .L.str.9                                 0x080026af   Data          26  main.o(.rodata.str1.1)
    .L.str.22                                0x080026c6   Data           3  main.o(.rodata.str1.1)
    .L.str.47                                0x080026c9   Data          14  main.o(.rodata.str1.1)
    .L.str.46                                0x080026d7   Data          16  main.o(.rodata.str1.1)
    .L.str.7                                 0x080026e7   Data           4  main.o(.rodata.str1.1)
    .L.str.8                                 0x080026eb   Data          12  main.o(.rodata.str1.1)
    .L.str                                   0x080026f5   Data           2  main.o(.rodata.str1.1)
    .L.str.27                                0x080026f7   Data           3  main.o(.rodata.str1.1)
    locale$$data                             0x0800271c   Section      272  lc_ctype_c.o(locale$$data)
    __lcctype_c_name                         0x08002720   Data           2  lc_ctype_c.o(locale$$data)
    __lcctype_c_start                        0x08002728   Data           0  lc_ctype_c.o(locale$$data)
    __lcctype_c_end                          0x0800282c   Data           0  lc_ctype_c.o(locale$$data)
    _strtok_saves1                           0x20000000   Data           4  strtok.o(.data)
    .data                                    0x20000000   Section        4  strtok.o(.data)
    .bss                                     0x20000018   Section       96  libspace.o(.bss)
    bf_data                                  0x200000c0   Data           4  main.o(.bss.bf_data)
    [Anonymous Symbol]                       0x200000c0   Section        0  main.o(.bss.bf_data)
    bf_end                                   0x200000c4   Data           4  main.o(.bss.bf_end)
    [Anonymous Symbol]                       0x200000c4   Section        0  main.o(.bss.bf_end)
    bf_start                                 0x200000c8   Data           4  main.o(.bss.bf_start)
    [Anonymous Symbol]                       0x200000c8   Section        0  main.o(.bss.bf_start)
    end                                      0x20000160   Data           4  main.o(.bss.end)
    [Anonymous Symbol]                       0x20000160   Section        0  main.o(.bss.end)
    endptr                                   0x20000168   Data           4  main.o(.bss.endptr)
    [Anonymous Symbol]                       0x20000168   Section        0  main.o(.bss.endptr)
    md_addr                                  0x20000174   Data           4  main.o(.bss.md_addr)
    [Anonymous Symbol]                       0x20000174   Section        0  main.o(.bss.md_addr)
    md_data                                  0x20000178   Data           4  main.o(.bss.md_data)
    [Anonymous Symbol]                       0x20000178   Section        0  main.o(.bss.md_data)
    md_size                                  0x2000017c   Data           4  main.o(.bss.md_size)
    [Anonymous Symbol]                       0x2000017c   Section        0  main.o(.bss.md_size)
    registers                                0x20000190   Data          60  main.o(.bss.registers)
    [Anonymous Symbol]                       0x20000190   Section        0  main.o(.bss.registers)
    start                                    0x200001d8   Data           4  main.o(.bss.start)
    [Anonymous Symbol]                       0x200001d8   Section        0  main.o(.bss.start)
    Heap_Mem                                 0x200001f0   Data         512  startup_stm32f303x8.o(HEAP)
    HEAP                                     0x200001f0   Section      512  startup_stm32f303x8.o(HEAP)
    Stack_Mem                                0x200003f0   Data        1024  startup_stm32f303x8.o(STACK)
    STACK                                    0x200003f0   Section     1024  startup_stm32f303x8.o(STACK)
    __initial_sp                             0x200007f0   Data           0  startup_stm32f303x8.o(STACK)

    Global Symbols

    Symbol Name                              Value     Ov Type        Size  Object(Section)

    BuildAttributes$$THM_ISAv4$E$P$D$K$B$S$7EM$VFPi3$EXTD16$VFPS$VFMA$PE$A:L22UL41UL21$X:L11$S22US41US21$IEEE1$IW$~IW$USESV6$~STKCKD$USESV7$~SHL$OTIME$ROPI$EBA8$UX$STANDARDLIB$REQ8$PRES8$EABIv2 0x00000000   Number         0  anon$$obj.o ABSOLUTE
    _printf_flags                            0x00000000   Number         0  printf_stubs.o ABSOLUTE
    _printf_return_value                     0x00000000   Number         0  printf_stubs.o ABSOLUTE
    _printf_sizespec                         0x00000000   Number         0  printf_stubs.o ABSOLUTE
    _printf_widthprec                        0x00000000   Number         0  printf_stubs.o ABSOLUTE
    __ARM_exceptions_init                     - Undefined Weak Reference
    __alloca_initialize                       - Undefined Weak Reference
    __arm_preinit_                            - Undefined Weak Reference
    __arm_relocate_pie_                       - Undefined Weak Reference
    __cpp_initialize__aeabi_                  - Undefined Weak Reference
    __cxa_finalize                            - Undefined Weak Reference
    __sigvec_lookup                           - Undefined Weak Reference
    __user_heap_extent                        - Undefined Weak Reference
    _atexit_init                              - Undefined Weak Reference
    _call_atexit_fns                          - Undefined Weak Reference
    _clock_init                               - Undefined Weak Reference
    _fp_trap_init                             - Undefined Weak Reference
    _fp_trap_shutdown                         - Undefined Weak Reference
    _get_lc_collate                           - Undefined Weak Reference
    _get_lc_monetary                          - Undefined Weak Reference
    _get_lc_numeric                           - Undefined Weak Reference
    _get_lc_time                              - Undefined Weak Reference
    _getenv_init                              - Undefined Weak Reference
    _handle_redirection                       - Undefined Weak Reference
    _initio                                   - Undefined Weak Reference
    _mutex_acquire                            - Undefined Weak Reference
    _mutex_free                               - Undefined Weak Reference
    _mutex_release                            - Undefined Weak Reference
    _printf_mbtowc                            - Undefined Weak Reference
    _printf_truncate_signed                   - Undefined Weak Reference
    _printf_truncate_unsigned                 - Undefined Weak Reference
    _rand_init                                - Undefined Weak Reference
    _scanf_longlong                           - Undefined Weak Reference
    _scanf_mbtowc                             - Undefined Weak Reference
    _scanf_real                               - Undefined Weak Reference
    _scanf_string                             - Undefined Weak Reference
    _scanf_wctomb                             - Undefined Weak Reference
    _scanf_wstring                            - Undefined Weak Reference
    _signal_finish                            - Undefined Weak Reference
    _signal_init                              - Undefined Weak Reference
    _terminateio                              - Undefined Weak Reference
    __Vectors_Size                           0x00000188   Number         0  startup_stm32f303x8.o ABSOLUTE
    __Vectors                                0x08000000   Data           4  startup_stm32f303x8.o(RESET)
    __Vectors_End                            0x08000188   Data           0  startup_stm32f303x8.o(RESET)
    __main                                   0x08000189   Thumb Code     8  __main.o(!!!main)
    __scatterload                            0x08000191   Thumb Code     0  __scatter.o(!!!scatter)
    __scatterload_rt2                        0x08000191   Thumb Code    44  __scatter.o(!!!scatter)
    __scatterload_rt2_thumb_only             0x08000191   Thumb Code     0  __scatter.o(!!!scatter)
    __scatterload_null                       0x0800019f   Thumb Code     0  __scatter.o(!!!scatter)
    __scatterload_copy                       0x080001c5   Thumb Code    26  __scatter_copy.o(!!handler_copy)
    __scatterload_zeroinit                   0x080001e1   Thumb Code    28  __scatter_zi.o(!!handler_zi)
    _printf_d                                0x080001fd   Thumb Code     0  _printf_d.o(.ARM.Collect$$_printf_percent$$00000009)
    _printf_percent                          0x080001fd   Thumb Code     0  _printf_percent.o(.ARM.Collect$$_printf_percent$$00000000)
    _printf_x                                0x08000203   Thumb Code     0  _printf_x.o(.ARM.Collect$$_printf_percent$$0000000C)
    _printf_s                                0x08000209   Thumb Code     0  _printf_s.o(.ARM.Collect$$_printf_percent$$00000014)
    _printf_percent_end                      0x0800020f   Thumb Code     0  _printf_percent_end.o(.ARM.Collect$$_printf_percent$$00000017)
    __rt_lib_init                            0x08000213   Thumb Code     0  libinit.o(.ARM.Collect$$libinit$$00000000)
    __rt_lib_init_fp_1                       0x08000215   Thumb Code     0  libinit2.o(.ARM.Collect$$libinit$$00000001)
    __rt_lib_init_heap_2                     0x08000219   Thumb Code     0  libinit2.o(.ARM.Collect$$libinit$$00000007)
    __rt_lib_init_preinit_1                  0x08000219   Thumb Code     0  libinit2.o(.ARM.Collect$$libinit$$00000006)
    __rt_lib_init_relocate_pie_1             0x08000219   Thumb Code     0  libinit2.o(.ARM.Collect$$libinit$$00000004)
    __rt_lib_init_heap_1                     0x08000221   Thumb Code     0  libinit2.o(.ARM.Collect$$libinit$$0000000C)
    __rt_lib_init_lc_common                  0x08000221   Thumb Code     0  libinit2.o(.ARM.Collect$$libinit$$00000011)
    __rt_lib_init_rand_1                     0x08000221   Thumb Code     0  libinit2.o(.ARM.Collect$$libinit$$00000010)
    __rt_lib_init_user_alloc_1               0x08000221   Thumb Code     0  libinit2.o(.ARM.Collect$$libinit$$0000000E)
    __rt_lib_init_lc_collate_1               0x08000227   Thumb Code     0  libinit2.o(.ARM.Collect$$libinit$$00000013)
    __rt_lib_init_lc_ctype_2                 0x08000227   Thumb Code     0  libinit2.o(.ARM.Collect$$libinit$$00000014)
    __rt_lib_init_alloca_1                   0x08000233   Thumb Code     0  libinit2.o(.ARM.Collect$$libinit$$00000030)
    __rt_lib_init_argv_1                     0x08000233   Thumb Code     0  libinit2.o(.ARM.Collect$$libinit$$0000002E)
    __rt_lib_init_atexit_1                   0x08000233   Thumb Code     0  libinit2.o(.ARM.Collect$$libinit$$0000001D)
    __rt_lib_init_clock_1                    0x08000233   Thumb Code     0  libinit2.o(.ARM.Collect$$libinit$$00000023)
    __rt_lib_init_cpp_1                      0x08000233   Thumb Code     0  libinit2.o(.ARM.Collect$$libinit$$00000034)
    __rt_lib_init_exceptions_1               0x08000233   Thumb Code     0  libinit2.o(.ARM.Collect$$libinit$$00000032)
    __rt_lib_init_fp_trap_1                  0x08000233   Thumb Code     0  libinit2.o(.ARM.Collect$$libinit$$00000021)
    __rt_lib_init_getenv_1                   0x08000233   Thumb Code     0  libinit2.o(.ARM.Collect$$libinit$$00000025)
    __rt_lib_init_lc_ctype_1                 0x08000233   Thumb Code     0  libinit2.o(.ARM.Collect$$libinit$$00000015)
    __rt_lib_init_lc_monetary_1              0x08000233   Thumb Code     0  libinit2.o(.ARM.Collect$$libinit$$00000017)
    __rt_lib_init_lc_numeric_1               0x08000233   Thumb Code     0  libinit2.o(.ARM.Collect$$libinit$$00000019)
    __rt_lib_init_lc_time_1                  0x08000233   Thumb Code     0  libinit2.o(.ARM.Collect$$libinit$$0000001B)
    __rt_lib_init_return                     0x08000233   Thumb Code     0  libinit2.o(.ARM.Collect$$libinit$$00000035)
    __rt_lib_init_signal_1                   0x08000233   Thumb Code     0  libinit2.o(.ARM.Collect$$libinit$$0000001F)
    __rt_lib_init_stdio_1                    0x08000233   Thumb Code     0  libinit2.o(.ARM.Collect$$libinit$$00000027)
    __rt_lib_shutdown                        0x08000235   Thumb Code     0  libshutdown.o(.ARM.Collect$$libshutdown$$00000000)
    __rt_lib_shutdown_cpp_1                  0x08000237   Thumb Code     0  libshutdown2.o(.ARM.Collect$$libshutdown$$00000002)
    __rt_lib_shutdown_fp_trap_1              0x08000237   Thumb Code     0  libshutdown2.o(.ARM.Collect$$libshutdown$$00000007)
    __rt_lib_shutdown_heap_1                 0x08000237   Thumb Code     0  libshutdown2.o(.ARM.Collect$$libshutdown$$0000000F)
    __rt_lib_shutdown_return                 0x08000237   Thumb Code     0  libshutdown2.o(.ARM.Collect$$libshutdown$$00000010)
    __rt_lib_shutdown_signal_1               0x08000237   Thumb Code     0  libshutdown2.o(.ARM.Collect$$libshutdown$$0000000A)
    __rt_lib_shutdown_stdio_1                0x08000237   Thumb Code     0  libshutdown2.o(.ARM.Collect$$libshutdown$$00000004)
    __rt_lib_shutdown_user_alloc_1           0x08000237   Thumb Code     0  libshutdown2.o(.ARM.Collect$$libshutdown$$0000000C)
    __rt_entry                               0x08000239   Thumb Code     0  __rtentry.o(.ARM.Collect$$rtentry$$00000000)
    __rt_entry_presh_1                       0x08000239   Thumb Code     0  __rtentry2.o(.ARM.Collect$$rtentry$$00000002)
    __rt_entry_sh                            0x08000239   Thumb Code     0  __rtentry4.o(.ARM.Collect$$rtentry$$00000004)
    __rt_entry_li                            0x0800023f   Thumb Code     0  __rtentry2.o(.ARM.Collect$$rtentry$$0000000A)
    __rt_entry_postsh_1                      0x0800023f   Thumb Code     0  __rtentry2.o(.ARM.Collect$$rtentry$$00000009)
    __rt_entry_main                          0x08000243   Thumb Code     0  __rtentry2.o(.ARM.Collect$$rtentry$$0000000D)
    __rt_entry_postli_1                      0x08000243   Thumb Code     0  __rtentry2.o(.ARM.Collect$$rtentry$$0000000C)
    __rt_exit                                0x0800024b   Thumb Code     0  rtexit.o(.ARM.Collect$$rtexit$$00000000)
    __rt_exit_ls                             0x0800024d   Thumb Code     0  rtexit2.o(.ARM.Collect$$rtexit$$00000003)
    __rt_exit_prels_1                        0x0800024d   Thumb Code     0  rtexit2.o(.ARM.Collect$$rtexit$$00000002)
    __rt_exit_exit                           0x08000251   Thumb Code     0  rtexit2.o(.ARM.Collect$$rtexit$$00000004)
    loadResgistersContent                    0x08000259   Thumb Code     0  assemblerfunctions.o(.text)
    loadR1Content                            0x08000289   Thumb Code     0  assemblerfunctions.o(.text)
    updateR0                                 0x0800028f   Thumb Code     0  assemblerfunctions.o(.text)
    updateR1                                 0x08000295   Thumb Code     0  assemblerfunctions.o(.text)
    updateR2                                 0x0800029b   Thumb Code     0  assemblerfunctions.o(.text)
    updateR3                                 0x080002a1   Thumb Code     0  assemblerfunctions.o(.text)
    updateR4                                 0x080002a7   Thumb Code     0  assemblerfunctions.o(.text)
    updateR5                                 0x080002ad   Thumb Code     0  assemblerfunctions.o(.text)
    updateR6                                 0x080002b3   Thumb Code     0  assemblerfunctions.o(.text)
    updateR7                                 0x080002b9   Thumb Code     0  assemblerfunctions.o(.text)
    updateR8                                 0x080002bf   Thumb Code     0  assemblerfunctions.o(.text)
    updateR9                                 0x080002c7   Thumb Code     0  assemblerfunctions.o(.text)
    updateR10                                0x080002cf   Thumb Code     0  assemblerfunctions.o(.text)
    updateR11                                0x080002d7   Thumb Code     0  assemblerfunctions.o(.text)
    updateR12                                0x080002df   Thumb Code     0  assemblerfunctions.o(.text)
    memoryDisplayAss                         0x080002e9   Thumb Code     0  memory_display.o(.text)
    modifyMemoryAss                          0x08000301   Thumb Code     0  memory_modify.o(.text)
    callAddrAssembler                        0x08000319   Thumb Code     0  call.o(.text)
    runAddrAssembler                         0x08000325   Thumb Code     0  run.o(.text)
    Reset_Handler                            0x08000331   Thumb Code     8  startup_stm32f303x8.o(.text)
    NMI_Handler                              0x08000339   Thumb Code     2  startup_stm32f303x8.o(.text)
    HardFault_Handler                        0x0800033b   Thumb Code     2  startup_stm32f303x8.o(.text)
    MemManage_Handler                        0x0800033d   Thumb Code     2  startup_stm32f303x8.o(.text)
    BusFault_Handler                         0x0800033f   Thumb Code     2  startup_stm32f303x8.o(.text)
    UsageFault_Handler                       0x08000341   Thumb Code     2  startup_stm32f303x8.o(.text)
    SVC_Handler                              0x08000343   Thumb Code     2  startup_stm32f303x8.o(.text)
    DebugMon_Handler                         0x08000345   Thumb Code     2  startup_stm32f303x8.o(.text)
    PendSV_Handler                           0x08000347   Thumb Code     2  startup_stm32f303x8.o(.text)
    ADC1_2_IRQHandler                        0x0800034b   Thumb Code     0  startup_stm32f303x8.o(.text)
    CAN_RX0_IRQHandler                       0x0800034b   Thumb Code     0  startup_stm32f303x8.o(.text)
    CAN_RX1_IRQHandler                       0x0800034b   Thumb Code     0  startup_stm32f303x8.o(.text)
    CAN_SCE_IRQHandler                       0x0800034b   Thumb Code     0  startup_stm32f303x8.o(.text)
    CAN_TX_IRQHandler                        0x0800034b   Thumb Code     0  startup_stm32f303x8.o(.text)
    COMP2_IRQHandler                         0x0800034b   Thumb Code     0  startup_stm32f303x8.o(.text)
    COMP4_6_IRQHandler                       0x0800034b   Thumb Code     0  startup_stm32f303x8.o(.text)
    DMA1_Channel1_IRQHandler                 0x0800034b   Thumb Code     0  startup_stm32f303x8.o(.text)
    DMA1_Channel2_IRQHandler                 0x0800034b   Thumb Code     0  startup_stm32f303x8.o(.text)
    DMA1_Channel3_IRQHandler                 0x0800034b   Thumb Code     0  startup_stm32f303x8.o(.text)
    DMA1_Channel4_IRQHandler                 0x0800034b   Thumb Code     0  startup_stm32f303x8.o(.text)
    DMA1_Channel5_IRQHandler                 0x0800034b   Thumb Code     0  startup_stm32f303x8.o(.text)
    DMA1_Channel6_IRQHandler                 0x0800034b   Thumb Code     0  startup_stm32f303x8.o(.text)
    DMA1_Channel7_IRQHandler                 0x0800034b   Thumb Code     0  startup_stm32f303x8.o(.text)
    EXTI0_IRQHandler                         0x0800034b   Thumb Code     0  startup_stm32f303x8.o(.text)
    EXTI15_10_IRQHandler                     0x0800034b   Thumb Code     0  startup_stm32f303x8.o(.text)
    EXTI1_IRQHandler                         0x0800034b   Thumb Code     0  startup_stm32f303x8.o(.text)
    EXTI2_TSC_IRQHandler                     0x0800034b   Thumb Code     0  startup_stm32f303x8.o(.text)
    EXTI3_IRQHandler                         0x0800034b   Thumb Code     0  startup_stm32f303x8.o(.text)
    EXTI4_IRQHandler                         0x0800034b   Thumb Code     0  startup_stm32f303x8.o(.text)
    EXTI9_5_IRQHandler                       0x0800034b   Thumb Code     0  startup_stm32f303x8.o(.text)
    FLASH_IRQHandler                         0x0800034b   Thumb Code     0  startup_stm32f303x8.o(.text)
    FPU_IRQHandler                           0x0800034b   Thumb Code     0  startup_stm32f303x8.o(.text)
    I2C1_ER_IRQHandler                       0x0800034b   Thumb Code     0  startup_stm32f303x8.o(.text)
    I2C1_EV_IRQHandler                       0x0800034b   Thumb Code     0  startup_stm32f303x8.o(.text)
    PVD_IRQHandler                           0x0800034b   Thumb Code     0  startup_stm32f303x8.o(.text)
    RCC_IRQHandler                           0x0800034b   Thumb Code     0  startup_stm32f303x8.o(.text)
    RTC_Alarm_IRQHandler                     0x0800034b   Thumb Code     0  startup_stm32f303x8.o(.text)
    RTC_WKUP_IRQHandler                      0x0800034b   Thumb Code     0  startup_stm32f303x8.o(.text)
    SPI1_IRQHandler                          0x0800034b   Thumb Code     0  startup_stm32f303x8.o(.text)
    TAMP_STAMP_IRQHandler                    0x0800034b   Thumb Code     0  startup_stm32f303x8.o(.text)
    TIM1_BRK_TIM15_IRQHandler                0x0800034b   Thumb Code     0  startup_stm32f303x8.o(.text)
    TIM1_CC_IRQHandler                       0x0800034b   Thumb Code     0  startup_stm32f303x8.o(.text)
    TIM1_TRG_COM_TIM17_IRQHandler            0x0800034b   Thumb Code     0  startup_stm32f303x8.o(.text)
    TIM1_UP_TIM16_IRQHandler                 0x0800034b   Thumb Code     0  startup_stm32f303x8.o(.text)
    TIM2_IRQHandler                          0x0800034b   Thumb Code     0  startup_stm32f303x8.o(.text)
    TIM3_IRQHandler                          0x0800034b   Thumb Code     0  startup_stm32f303x8.o(.text)
    TIM6_DAC1_IRQHandler                     0x0800034b   Thumb Code     0  startup_stm32f303x8.o(.text)
    TIM7_DAC2_IRQHandler                     0x0800034b   Thumb Code     0  startup_stm32f303x8.o(.text)
    USART1_IRQHandler                        0x0800034b   Thumb Code     0  startup_stm32f303x8.o(.text)
    USART3_IRQHandler                        0x0800034b   Thumb Code     0  startup_stm32f303x8.o(.text)
    WWDG_IRQHandler                          0x0800034b   Thumb Code     0  startup_stm32f303x8.o(.text)
    __user_initial_stackheap                 0x0800034d   Thumb Code     0  startup_stm32f303x8.o(.text)
    malloc                                   0x08000371   Thumb Code    94  h1_alloc.o(.text)
    free                                     0x080003cf   Thumb Code    78  h1_free.o(.text)
    __2sprintf                               0x0800041d   Thumb Code    34  noretval__2sprintf.o(.text)
    _printf_pre_padding                      0x08000445   Thumb Code    44  _printf_pad.o(.text)
    _printf_post_padding                     0x08000471   Thumb Code    34  _printf_pad.o(.text)
    _printf_str                              0x08000493   Thumb Code    82  _printf_str.o(.text)
    _printf_int_dec                          0x080004e5   Thumb Code   104  _printf_dec.o(.text)
    _printf_int_hex                          0x0800055d   Thumb Code    84  _printf_hex_int.o(.text)
    _printf_longlong_hex                     0x0800055d   Thumb Code     0  _printf_hex_int.o(.text)
    __printf                                 0x080005b5   Thumb Code   308  __printf_flags_wp.o(.text)
    __0sscanf                                0x080006ed   Thumb Code    52  __0sscanf.o(.text)
    _scanf_int                               0x08000729   Thumb Code   332  _scanf_int.o(.text)
    strtoul                                  0x08000875   Thumb Code   114  strtoul.o(.text)
    strtok                                   0x080008e9   Thumb Code     6  strtok.o(.text)
    __aeabi_memset                           0x080008f5   Thumb Code    16  aeabi_memset.o(.text)
    __aeabi_memclr4                          0x08000905   Thumb Code     0  rt_memclr_w.o(.text)
    __aeabi_memclr8                          0x08000905   Thumb Code     0  rt_memclr_w.o(.text)
    __rt_memclr_w                            0x08000905   Thumb Code     0  rt_memclr_w.o(.text)
    _memset_w                                0x08000909   Thumb Code    74  rt_memclr_w.o(.text)
    strcmp                                   0x08000959   Thumb Code   124  strcmpv7em.o(.text)
    __use_two_region_memory                  0x080009d5   Thumb Code     2  heapauxi.o(.text)
    __rt_heap_escrow                         0x080009d7   Thumb Code     2  heapauxi.o(.text)
    __rt_heap_expand                         0x080009d9   Thumb Code     2  heapauxi.o(.text)
    __rt_ctype_table                         0x080009dd   Thumb Code    16  rt_ctype_table.o(.text)
    __rt_heap_descriptor                     0x080009ed   Thumb Code     8  rt_heap_descriptor_intlibspace.o(.text)
    __aeabi_errno_addr                       0x080009f5   Thumb Code     8  rt_errno_addr_intlibspace.o(.text)
    __errno$intlibspace                      0x080009f5   Thumb Code     0  rt_errno_addr_intlibspace.o(.text)
    __rt_errno_addr$intlibspace              0x080009f5   Thumb Code     0  rt_errno_addr_intlibspace.o(.text)
    __use_no_heap                            0x080009fd   Thumb Code     2  hguard.o(.text)
    __heap$guard                             0x080009ff   Thumb Code     2  hguard.o(.text)
    _terminate_user_alloc                    0x08000a01   Thumb Code     2  init_alloc.o(.text)
    _init_user_alloc                         0x08000a03   Thumb Code     2  init_alloc.o(.text)
    __Heap_Full                              0x08000a05   Thumb Code    34  init_alloc.o(.text)
    __Heap_Broken                            0x08000a27   Thumb Code     6  init_alloc.o(.text)
    _init_alloc                              0x08000a2d   Thumb Code    94  init_alloc.o(.text)
    __Heap_Initialize                        0x08000a8b   Thumb Code    10  h1_init.o(.text)
    __Heap_DescSize                          0x08000a95   Thumb Code     4  h1_init.o(.text)
    _printf_int_common                       0x08000a99   Thumb Code   178  _printf_intcommon.o(.text)
    _printf_char_common                      0x08000b57   Thumb Code    32  _printf_char_common.o(.text)
    _sputc                                   0x08000b7d   Thumb Code    10  _sputc.o(.text)
    _printf_cs_common                        0x08000b87   Thumb Code    20  _printf_char.o(.text)
    _printf_char                             0x08000b9b   Thumb Code    16  _printf_char.o(.text)
    _printf_string                           0x08000bab   Thumb Code     8  _printf_char.o(.text)
    _chval                                   0x08000bb3   Thumb Code    28  _chval.o(.text)
    __vfscanf_char                           0x08000bdd   Thumb Code    24  scanf_char.o(.text)
    _sgetc                                   0x08000bfd   Thumb Code    30  _sgetc.o(.text)
    _sbackspace                              0x08000c1b   Thumb Code    34  _sgetc.o(.text)
    _strtoul                                 0x08000c3d   Thumb Code   158  _strtoul.o(.text)
    __strtok_internal                        0x08000cdd   Thumb Code    64  strtok_int.o(.text)
    __aeabi_memclr                           0x08000d21   Thumb Code     0  rt_memclr.o(.text)
    __rt_memclr                              0x08000d21   Thumb Code     0  rt_memclr.o(.text)
    _memset                                  0x08000d25   Thumb Code    64  rt_memclr.o(.text)
    __user_libspace                          0x08000d65   Thumb Code     8  libspace.o(.text)
    __user_perproc_libspace                  0x08000d65   Thumb Code     0  libspace.o(.text)
    __user_perthread_libspace                0x08000d65   Thumb Code     0  libspace.o(.text)
    __rt_locale                              0x08000d6d   Thumb Code     8  rt_locale_intlibspace.o(.text)
    __Heap_ProvideMemory                     0x08000d75   Thumb Code    52  h1_extend.o(.text)
    _maybe_terminate_alloc                   0x08000d75   Thumb Code     0  maybetermalloc1.o(.text)
    isspace                                  0x08000da9   Thumb Code    18  isspace.o(.text)
    __vfscanf                                0x08000dbd   Thumb Code   878  _scanf.o(.text)
    __rt_SIGRTMEM                            0x08001131   Thumb Code    14  defsig_rtmem_outer.o(.text)
    strcspn                                  0x0800113f   Thumb Code    32  strcspn.o(.text)
    strspn                                   0x0800115f   Thumb Code    28  strspn.o(.text)
    __I$use$semihosting                      0x0800117b   Thumb Code     0  use_no_semi.o(.text)
    __use_no_semihosting_swi                 0x0800117b   Thumb Code     2  use_no_semi.o(.text)
    __semihosting_library_function           0x0800117d   Thumb Code     0  indicate_semi.o(.text)
    __user_setup_stackheap                   0x0800117d   Thumb Code    74  sys_stackheap_outer.o(.text)
    exit                                     0x080011c7   Thumb Code    18  exit.o(.text)
    __sig_exit                               0x080011d9   Thumb Code    10  defsig_exit.o(.text)
    __rt_SIGRTMEM_inner                      0x080011e5   Thumb Code    22  defsig_rtmem_inner.o(.text)
    _sys_exit                                0x08001235   Thumb Code     8  sys_exit.o(.text)
    __default_signal_display                 0x08001241   Thumb Code    50  defsig_general.o(.text)
    _ttywrch                                 0x08001273   Thumb Code    14  sys_wrch.o(.text)
    I2C_config                               0x08001281   Thumb Code   324  main.o(.text.I2C_config)
    SysTick_Handler                          0x080013c5   Thumb Code    16  main.o(.text.SysTick_Handler)
    SystemInit                               0x080013d5   Thumb Code    18  system_stm32f3xx.o(.text.SystemInit)
    USART2_IRQHandler                        0x080013e9   Thumb Code   788  main.o(.text.USART2_IRQHandler)
    blockFill                                0x08001739   Thumb Code   316  main.o(.text.blockFill)
    callCommand                              0x08001879   Thumb Code   224  main.o(.text.callCommand)
    main                                     0x0800197d   Thumb Code   366  main.o(.text.main)
    memoryDisplay                            0x08001aed   Thumb Code   556  main.o(.text.memoryDisplay)
    memoryModify                             0x08001d4d   Thumb Code   288  main.o(.text.memoryModify)
    registerDisplay                          0x08001e71   Thumb Code   240  main.o(.text.registerDisplay)
    registerModify                           0x08001f71   Thumb Code   540  main.o(.text.registerModify)
    runCommand                               0x080021d5   Thumb Code   224  main.o(.text.runCommand)
    _is_digit                                0x080022d5   Thumb Code    14  __printf_wp.o(i._is_digit)
    _get_lc_ctype                            0x080022e5   Thumb Code    44  lc_ctype_c.o(locale$$code)
    _fp_init                                 0x08002311   Thumb Code    26  fpinit.o(x$fpl$fpinit)
    __fplib_config_fpu_vfp                   0x08002329   Thumb Code     0  fpinit.o(x$fpl$fpinit)
    __fplib_config_pureend_doubles           0x08002329   Thumb Code     0  fpinit.o(x$fpl$fpinit)
    Region$$Table$$Base                      0x080026fc   Number         0  anon$$obj.o(Region$$Table)
    Region$$Table$$Limit                     0x0800271c   Number         0  anon$$obj.o(Region$$Table)
    __ctype                                  0x08002729   Data           0  lc_ctype_c.o(locale$$data)
    SystemCoreClock                          0x20000004   Data           4  system_stm32f3xx.o(.data.SystemCoreClock)
    args                                     0x20000008   Data          16  main.o(.data.args)
    __libspace_start                         0x20000018   Data          96  libspace.o(.bss)
    __temporary_stack_top$libspace           0x20000078   Data           0  libspace.o(.bss)
    address_mm                               0x20000078   Data           4  main.o(.bss.address_mm)
    arguments_iterator                       0x2000007c   Data           4  main.o(.bss.arguments_iterator)
    arr_display_memory                       0x20000080   Data          64  main.o(.bss.arr_display_memory)
    buffer                                   0x200000cc   Data          64  main.o(.bss.buffer)
    character                                0x2000010c   Data           4  main.o(.bss.character)
    characters_iterator                      0x20000110   Data           4  main.o(.bss.characters_iterator)
    command                                  0x20000114   Data          64  main.o(.bss.command)
    data                                     0x20000154   Data           1  main.o(.bss.data)
    data_mm                                  0x20000158   Data           4  main.o(.bss.data_mm)
    display_memory                           0x2000015c   Data           4  main.o(.bss.display_memory)
    end_memory_display                       0x20000164   Data           4  main.o(.bss.end_memory_display)
    error_flag                               0x2000016c   Data           1  main.o(.bss.error_flag)
    instruction                              0x20000170   Data           4  main.o(.bss.instruction)
    memory_call_address                      0x20000180   Data           4  main.o(.bss.memory_call_address)
    memory_run_address                       0x20000184   Data           4  main.o(.bss.memory_run_address)
    register_content                         0x20000188   Data           4  main.o(.bss.register_content)
    register_number                          0x2000018c   Data           4  main.o(.bss.register_number)
    return_ma                                0x200001cc   Data           4  main.o(.bss.return_ma)
    size_bf                                  0x200001d0   Data           4  main.o(.bss.size_bf)
    size_memory                              0x200001d4   Data           4  main.o(.bss.size_memory)
    start_ma                                 0x200001dc   Data           4  main.o(.bss.start_ma)
    start_memory_display                     0x200001e0   Data           4  main.o(.bss.start_memory_display)
    ticks                                    0x200001e4   Data           1  main.o(.bss.ticks)
    token                                    0x200001e8   Data           4  main.o(.bss.token)



==============================================================================

Memory Map of the image

  Image Entry point : 0x08000331

  Load Region LR_1 (Base: 0x08000000, Size: 0x00002844, Max: 0xffffffff, ABSOLUTE)

    Execution Region ER_RO (Exec base: 0x08000000, Load base: 0x08000000, Size: 0x0000282c, Max: 0xffffffff, ABSOLUTE)

    Exec Addr    Load Addr    Size         Type   Attr      Idx    E Section Name        Object

    0x08000000   0x08000000   0x00000188   Data   RO           98    RESET               startup_stm32f303x8.o
    0x08000188   0x08000188   0x00000008   Code   RO          256  * !!!main             c_w.l(__main.o)
    0x08000190   0x08000190   0x00000034   Code   RO          511    !!!scatter          c_w.l(__scatter.o)
    0x080001c4   0x080001c4   0x0000001a   Code   RO          513    !!handler_copy      c_w.l(__scatter_copy.o)
    0x080001de   0x080001de   0x00000002   PAD
    0x080001e0   0x080001e0   0x0000001c   Code   RO          515    !!handler_zi        c_w.l(__scatter_zi.o)
    0x080001fc   0x080001fc   0x00000000   Code   RO          238    .ARM.Collect$$_printf_percent$$00000000  c_w.l(_printf_percent.o)
    0x080001fc   0x080001fc   0x00000006   Code   RO          237    .ARM.Collect$$_printf_percent$$00000009  c_w.l(_printf_d.o)
    0x08000202   0x08000202   0x00000006   Code   RO          236    .ARM.Collect$$_printf_percent$$0000000C  c_w.l(_printf_x.o)
    0x08000208   0x08000208   0x00000006   Code   RO          235    .ARM.Collect$$_printf_percent$$00000014  c_w.l(_printf_s.o)
    0x0800020e   0x0800020e   0x00000004   Code   RO          299    .ARM.Collect$$_printf_percent$$00000017  c_w.l(_printf_percent_end.o)
    0x08000212   0x08000212   0x00000002   Code   RO          446    .ARM.Collect$$libinit$$00000000  c_w.l(libinit.o)
    0x08000214   0x08000214   0x00000004   Code   RO          316    .ARM.Collect$$libinit$$00000001  c_w.l(libinit2.o)
    0x08000218   0x08000218   0x00000000   Code   RO          319    .ARM.Collect$$libinit$$00000004  c_w.l(libinit2.o)
    0x08000218   0x08000218   0x00000000   Code   RO          321    .ARM.Collect$$libinit$$00000006  c_w.l(libinit2.o)
    0x08000218   0x08000218   0x00000008   Code   RO          322    .ARM.Collect$$libinit$$00000007  c_w.l(libinit2.o)
    0x08000220   0x08000220   0x00000000   Code   RO          324    .ARM.Collect$$libinit$$0000000C  c_w.l(libinit2.o)
    0x08000220   0x08000220   0x00000000   Code   RO          326    .ARM.Collect$$libinit$$0000000E  c_w.l(libinit2.o)
    0x08000220   0x08000220   0x00000000   Code   RO          328    .ARM.Collect$$libinit$$00000010  c_w.l(libinit2.o)
    0x08000220   0x08000220   0x00000006   Code   RO          329    .ARM.Collect$$libinit$$00000011  c_w.l(libinit2.o)
    0x08000226   0x08000226   0x00000000   Code   RO          331    .ARM.Collect$$libinit$$00000013  c_w.l(libinit2.o)
    0x08000226   0x08000226   0x0000000c   Code   RO          332    .ARM.Collect$$libinit$$00000014  c_w.l(libinit2.o)
    0x08000232   0x08000232   0x00000000   Code   RO          333    .ARM.Collect$$libinit$$00000015  c_w.l(libinit2.o)
    0x08000232   0x08000232   0x00000000   Code   RO          335    .ARM.Collect$$libinit$$00000017  c_w.l(libinit2.o)
    0x08000232   0x08000232   0x00000000   Code   RO          337    .ARM.Collect$$libinit$$00000019  c_w.l(libinit2.o)
    0x08000232   0x08000232   0x00000000   Code   RO          339    .ARM.Collect$$libinit$$0000001B  c_w.l(libinit2.o)
    0x08000232   0x08000232   0x00000000   Code   RO          341    .ARM.Collect$$libinit$$0000001D  c_w.l(libinit2.o)
    0x08000232   0x08000232   0x00000000   Code   RO          343    .ARM.Collect$$libinit$$0000001F  c_w.l(libinit2.o)
    0x08000232   0x08000232   0x00000000   Code   RO          345    .ARM.Collect$$libinit$$00000021  c_w.l(libinit2.o)
    0x08000232   0x08000232   0x00000000   Code   RO          347    .ARM.Collect$$libinit$$00000023  c_w.l(libinit2.o)
    0x08000232   0x08000232   0x00000000   Code   RO          349    .ARM.Collect$$libinit$$00000025  c_w.l(libinit2.o)
    0x08000232   0x08000232   0x00000000   Code   RO          351    .ARM.Collect$$libinit$$00000027  c_w.l(libinit2.o)
    0x08000232   0x08000232   0x00000000   Code   RO          355    .ARM.Collect$$libinit$$0000002E  c_w.l(libinit2.o)
    0x08000232   0x08000232   0x00000000   Code   RO          357    .ARM.Collect$$libinit$$00000030  c_w.l(libinit2.o)
    0x08000232   0x08000232   0x00000000   Code   RO          359    .ARM.Collect$$libinit$$00000032  c_w.l(libinit2.o)
    0x08000232   0x08000232   0x00000000   Code   RO          361    .ARM.Collect$$libinit$$00000034  c_w.l(libinit2.o)
    0x08000232   0x08000232   0x00000002   Code   RO          362    .ARM.Collect$$libinit$$00000035  c_w.l(libinit2.o)
    0x08000234   0x08000234   0x00000002   Code   RO          508    .ARM.Collect$$libshutdown$$00000000  c_w.l(libshutdown.o)
    0x08000236   0x08000236   0x00000000   Code   RO          462    .ARM.Collect$$libshutdown$$00000002  c_w.l(libshutdown2.o)
    0x08000236   0x08000236   0x00000000   Code   RO          464    .ARM.Collect$$libshutdown$$00000004  c_w.l(libshutdown2.o)
    0x08000236   0x08000236   0x00000000   Code   RO          467    .ARM.Collect$$libshutdown$$00000007  c_w.l(libshutdown2.o)
    0x08000236   0x08000236   0x00000000   Code   RO          470    .ARM.Collect$$libshutdown$$0000000A  c_w.l(libshutdown2.o)
    0x08000236   0x08000236   0x00000000   Code   RO          472    .ARM.Collect$$libshutdown$$0000000C  c_w.l(libshutdown2.o)
    0x08000236   0x08000236   0x00000000   Code   RO          475    .ARM.Collect$$libshutdown$$0000000F  c_w.l(libshutdown2.o)
    0x08000236   0x08000236   0x00000002   Code   RO          476    .ARM.Collect$$libshutdown$$00000010  c_w.l(libshutdown2.o)
    0x08000238   0x08000238   0x00000000   Code   RO          260    .ARM.Collect$$rtentry$$00000000  c_w.l(__rtentry.o)
    0x08000238   0x08000238   0x00000000   Code   RO          371    .ARM.Collect$$rtentry$$00000002  c_w.l(__rtentry2.o)
    0x08000238   0x08000238   0x00000006   Code   RO          383    .ARM.Collect$$rtentry$$00000004  c_w.l(__rtentry4.o)
    0x0800023e   0x0800023e   0x00000000   Code   RO          373    .ARM.Collect$$rtentry$$00000009  c_w.l(__rtentry2.o)
    0x0800023e   0x0800023e   0x00000004   Code   RO          374    .ARM.Collect$$rtentry$$0000000A  c_w.l(__rtentry2.o)
    0x08000242   0x08000242   0x00000000   Code   RO          376    .ARM.Collect$$rtentry$$0000000C  c_w.l(__rtentry2.o)
    0x08000242   0x08000242   0x00000008   Code   RO          377    .ARM.Collect$$rtentry$$0000000D  c_w.l(__rtentry2.o)
    0x0800024a   0x0800024a   0x00000002   Code   RO          451    .ARM.Collect$$rtexit$$00000000  c_w.l(rtexit.o)
    0x0800024c   0x0800024c   0x00000000   Code   RO          482    .ARM.Collect$$rtexit$$00000002  c_w.l(rtexit2.o)
    0x0800024c   0x0800024c   0x00000004   Code   RO          483    .ARM.Collect$$rtexit$$00000003  c_w.l(rtexit2.o)
    0x08000250   0x08000250   0x00000006   Code   RO          484    .ARM.Collect$$rtexit$$00000004  c_w.l(rtexit2.o)
    0x08000256   0x08000256   0x00000002   PAD
    0x08000258   0x08000258   0x0000008e   Code   RO           79    .text               assemblerfunctions.o
    0x080002e6   0x080002e6   0x00000002   PAD
    0x080002e8   0x080002e8   0x00000018   Code   RO           84    .text               memory_display.o
    0x08000300   0x08000300   0x00000018   Code   RO           87    .text               memory_modify.o
    0x08000318   0x08000318   0x0000000a   Code   RO           90    .text               call.o
    0x08000322   0x08000322   0x00000002   PAD
    0x08000324   0x08000324   0x0000000a   Code   RO           93    .text               run.o
    0x0800032e   0x0800032e   0x00000002   PAD
    0x08000330   0x08000330   0x00000040   Code   RO           99  * .text               startup_stm32f303x8.o
    0x08000370   0x08000370   0x0000005e   Code   RO          124    .text               c_w.l(h1_alloc.o)
    0x080003ce   0x080003ce   0x0000004e   Code   RO          126    .text               c_w.l(h1_free.o)
    0x0800041c   0x0800041c   0x00000028   Code   RO          184    .text               c_w.l(noretval__2sprintf.o)
    0x08000444   0x08000444   0x0000004e   Code   RO          188    .text               c_w.l(_printf_pad.o)
    0x08000492   0x08000492   0x00000052   Code   RO          190    .text               c_w.l(_printf_str.o)
    0x080004e4   0x080004e4   0x00000078   Code   RO          192    .text               c_w.l(_printf_dec.o)
    0x0800055c   0x0800055c   0x00000058   Code   RO          197    .text               c_w.l(_printf_hex_int.o)
    0x080005b4   0x080005b4   0x00000138   Code   RO          227    .text               c_w.l(__printf_flags_wp.o)
    0x080006ec   0x080006ec   0x0000003c   Code   RO          239    .text               c_w.l(__0sscanf.o)
    0x08000728   0x08000728   0x0000014c   Code   RO          241    .text               c_w.l(_scanf_int.o)
    0x08000874   0x08000874   0x00000072   Code   RO          243    .text               c_w.l(strtoul.o)
    0x080008e6   0x080008e6   0x00000002   PAD
    0x080008e8   0x080008e8   0x0000000c   Code   RO          245    .text               c_w.l(strtok.o)
    0x080008f4   0x080008f4   0x00000010   Code   RO          248    .text               c_w.l(aeabi_memset.o)
    0x08000904   0x08000904   0x0000004e   Code   RO          250    .text               c_w.l(rt_memclr_w.o)
    0x08000952   0x08000952   0x00000006   PAD
    0x08000958   0x08000958   0x0000007c   Code   RO          252    .text               c_w.l(strcmpv7em.o)
    0x080009d4   0x080009d4   0x00000006   Code   RO          254    .text               c_w.l(heapauxi.o)
    0x080009da   0x080009da   0x00000002   PAD
    0x080009dc   0x080009dc   0x00000010   Code   RO          261    .text               c_w.l(rt_ctype_table.o)
    0x080009ec   0x080009ec   0x00000008   Code   RO          266    .text               c_w.l(rt_heap_descriptor_intlibspace.o)
    0x080009f4   0x080009f4   0x00000008   Code   RO          271    .text               c_w.l(rt_errno_addr_intlibspace.o)
    0x080009fc   0x080009fc   0x00000004   Code   RO          273    .text               c_w.l(hguard.o)
    0x08000a00   0x08000a00   0x0000008a   Code   RO          275    .text               c_w.l(init_alloc.o)
    0x08000a8a   0x08000a8a   0x0000000e   Code   RO          279    .text               c_w.l(h1_init.o)
    0x08000a98   0x08000a98   0x000000b2   Code   RO          291    .text               c_w.l(_printf_intcommon.o)
    0x08000b4a   0x08000b4a   0x00000002   PAD
    0x08000b4c   0x08000b4c   0x00000030   Code   RO          293    .text               c_w.l(_printf_char_common.o)
    0x08000b7c   0x08000b7c   0x0000000a   Code   RO          295    .text               c_w.l(_sputc.o)
    0x08000b86   0x08000b86   0x0000002c   Code   RO          297    .text               c_w.l(_printf_char.o)
    0x08000bb2   0x08000bb2   0x0000001c   Code   RO          300    .text               c_w.l(_chval.o)
    0x08000bce   0x08000bce   0x00000002   PAD
    0x08000bd0   0x08000bd0   0x0000002c   Code   RO          302    .text               c_w.l(scanf_char.o)
    0x08000bfc   0x08000bfc   0x00000040   Code   RO          304    .text               c_w.l(_sgetc.o)
    0x08000c3c   0x08000c3c   0x0000009e   Code   RO          306    .text               c_w.l(_strtoul.o)
    0x08000cda   0x08000cda   0x00000002   PAD
    0x08000cdc   0x08000cdc   0x00000044   Code   RO          308    .text               c_w.l(strtok_int.o)
    0x08000d20   0x08000d20   0x00000044   Code   RO          312    .text               c_w.l(rt_memclr.o)
    0x08000d64   0x08000d64   0x00000008   Code   RO          367    .text               c_w.l(libspace.o)
    0x08000d6c   0x08000d6c   0x00000008   Code   RO          388    .text               c_w.l(rt_locale_intlibspace.o)
    0x08000d74   0x08000d74   0x00000000   Code   RO          392    .text               c_w.l(maybetermalloc1.o)
    0x08000d74   0x08000d74   0x00000034   Code   RO          394    .text               c_w.l(h1_extend.o)
    0x08000da8   0x08000da8   0x00000012   Code   RO          398    .text               c_w.l(isspace.o)
    0x08000dba   0x08000dba   0x00000002   PAD
    0x08000dbc   0x08000dbc   0x00000374   Code   RO          402    .text               c_w.l(_scanf.o)
    0x08001130   0x08001130   0x0000000e   Code   RO          407    .text               c_w.l(defsig_rtmem_outer.o)
    0x0800113e   0x0800113e   0x00000020   Code   RO          411    .text               c_w.l(strcspn.o)
    0x0800115e   0x0800115e   0x0000001c   Code   RO          413    .text               c_w.l(strspn.o)
    0x0800117a   0x0800117a   0x00000002   Code   RO          422    .text               c_w.l(use_no_semi.o)
    0x0800117c   0x0800117c   0x00000000   Code   RO          424    .text               c_w.l(indicate_semi.o)
    0x0800117c   0x0800117c   0x0000004a   Code   RO          425    .text               c_w.l(sys_stackheap_outer.o)
    0x080011c6   0x080011c6   0x00000012   Code   RO          431    .text               c_w.l(exit.o)
    0x080011d8   0x080011d8   0x0000000a   Code   RO          433    .text               c_w.l(defsig_exit.o)
    0x080011e2   0x080011e2   0x00000002   PAD
    0x080011e4   0x080011e4   0x00000050   Code   RO          435    .text               c_w.l(defsig_rtmem_inner.o)
    0x08001234   0x08001234   0x0000000c   Code   RO          447    .text               c_w.l(sys_exit.o)
    0x08001240   0x08001240   0x00000032   Code   RO          459    .text               c_w.l(defsig_general.o)
    0x08001272   0x08001272   0x0000000e   Code   RO          477    .text               c_w.l(sys_wrch.o)
    0x08001280   0x08001280   0x00000144   Code   RO           26    .text.I2C_config    main.o
    0x080013c4   0x080013c4   0x00000010   Code   RO           30    .text.SysTick_Handler  main.o
    0x080013d4   0x080013d4   0x00000012   Code   RO          104    .text.SystemInit    system_stm32f3xx.o
    0x080013e6   0x080013e6   0x00000002   PAD
    0x080013e8   0x080013e8   0x00000350   Code   RO            8    .text.USART2_IRQHandler  main.o
    0x08001738   0x08001738   0x00000140   Code   RO           20    .text.blockFill     main.o
    0x08001878   0x08001878   0x00000104   Code   RO           24    .text.callCommand   main.o
    0x0800197c   0x0800197c   0x0000016e   Code   RO            2    .text.main          main.o
    0x08001aea   0x08001aea   0x00000002   PAD
    0x08001aec   0x08001aec   0x00000260   Code   RO           16    .text.memoryDisplay  main.o
    0x08001d4c   0x08001d4c   0x00000124   Code   RO           18    .text.memoryModify  main.o
    0x08001e70   0x08001e70   0x00000100   Code   RO           12    .text.registerDisplay  main.o
    0x08001f70   0x08001f70   0x00000264   Code   RO           14    .text.registerModify  main.o
    0x080021d4   0x080021d4   0x00000100   Code   RO           22    .text.runCommand    main.o
    0x080022d4   0x080022d4   0x0000000e   Code   RO          225    i._is_digit         c_w.l(__printf_wp.o)
    0x080022e2   0x080022e2   0x00000002   PAD
    0x080022e4   0x080022e4   0x0000002c   Code   RO          405    locale$$code        c_w.l(lc_ctype_c.o)
    0x08002310   0x08002310   0x0000001a   Code   RO          420    x$fpl$fpinit        fz_wm.l(fpinit.o)
    0x0800232a   0x0800232a   0x00000028   Data   RO          198    .constdata          c_w.l(_printf_hex_int.o)
    0x08002352   0x08002352   0x00000011   Data   RO          228    .constdata          c_w.l(__printf_flags_wp.o)
    0x08002363   0x08002363   0x00000397   Data   RO           35    .rodata.str1.1      main.o
    0x080026fa   0x080026fa   0x00000002   PAD
    0x080026fc   0x080026fc   0x00000020   Data   RO          510    Region$$Table       anon$$obj.o
    0x0800271c   0x0800271c   0x00000110   Data   RO          404    locale$$data        c_w.l(lc_ctype_c.o)


    Execution Region ER_RW (Exec base: 0x20000000, Load base: 0x0800282c, Size: 0x00000018, Max: 0xffffffff, ABSOLUTE)

    Exec Addr    Load Addr    Size         Type   Attr      Idx    E Section Name        Object

    0x20000000   0x0800282c   0x00000004   Data   RW          246    .data               c_w.l(strtok.o)
    0x20000004   0x08002830   0x00000004   Data   RW          108    .data.SystemCoreClock  system_stm32f3xx.o
    0x20000008   0x08002834   0x00000010   Data   RW           36    .data.args          main.o


    Execution Region ER_ZI (Exec base: 0x20000018, Load base: 0x08002844, Size: 0x000007d8, Max: 0xffffffff, ABSOLUTE)

    Exec Addr    Load Addr    Size         Type   Attr      Idx    E Section Name        Object

    0x20000018        -       0x00000060   Zero   RW          368    .bss                c_w.l(libspace.o)
    0x20000078        -       0x00000004   Zero   RW           60    .bss.address_mm     main.o
    0x2000007c        -       0x00000004   Zero   RW           38    .bss.arguments_iterator  main.o
    0x20000080        -       0x00000040   Zero   RW           56    .bss.arr_display_memory  main.o
    0x200000c0        -       0x00000004   Zero   RW           66    .bss.bf_data        main.o
    0x200000c4        -       0x00000004   Zero   RW           65    .bss.bf_end         main.o
    0x200000c8        -       0x00000004   Zero   RW           64    .bss.bf_start       main.o
    0x200000cc        -       0x00000040   Zero   RW           47    .bss.buffer         main.o
    0x2000010c        -       0x00000004   Zero   RW           43    .bss.character      main.o
    0x20000110        -       0x00000004   Zero   RW           37    .bss.characters_iterator  main.o
    0x20000114        -       0x00000040   Zero   RW           42    .bss.command        main.o
    0x20000154        -       0x00000001   Zero   RW           41    .bss.data           main.o
    0x20000155   0x08002844   0x00000003   PAD
    0x20000158        -       0x00000004   Zero   RW           61    .bss.data_mm        main.o
    0x2000015c        -       0x00000004   Zero   RW           55    .bss.display_memory  main.o
    0x20000160        -       0x00000004   Zero   RW           52    .bss.end            main.o
    0x20000164        -       0x00000004   Zero   RW           54    .bss.end_memory_display  main.o
    0x20000168        -       0x00000004   Zero   RW           49    .bss.endptr         main.o
    0x2000016c        -       0x00000001   Zero   RW           34    .bss.error_flag     main.o
    0x2000016d   0x08002844   0x00000003   PAD
    0x20000170        -       0x00000004   Zero   RW           44    .bss.instruction    main.o
    0x20000174        -       0x00000004   Zero   RW           57    .bss.md_addr        main.o
    0x20000178        -       0x00000004   Zero   RW           58    .bss.md_data        main.o
    0x2000017c        -       0x00000004   Zero   RW           59    .bss.md_size        main.o
    0x20000180        -       0x00000004   Zero   RW           68    .bss.memory_call_address  main.o
    0x20000184        -       0x00000004   Zero   RW           67    .bss.memory_run_address  main.o
    0x20000188        -       0x00000004   Zero   RW           50    .bss.register_content  main.o
    0x2000018c        -       0x00000004   Zero   RW           48    .bss.register_number  main.o
    0x20000190        -       0x0000003c   Zero   RW           46    .bss.registers      main.o
    0x200001cc        -       0x00000004   Zero   RW           63    .bss.return_ma      main.o
    0x200001d0        -       0x00000004   Zero   RW           40    .bss.size_bf        main.o
    0x200001d4        -       0x00000004   Zero   RW           39    .bss.size_memory    main.o
    0x200001d8        -       0x00000004   Zero   RW           51    .bss.start          main.o
    0x200001dc        -       0x00000004   Zero   RW           62    .bss.start_ma       main.o
    0x200001e0        -       0x00000004   Zero   RW           53    .bss.start_memory_display  main.o
    0x200001e4        -       0x00000001   Zero   RW           69    .bss.ticks          main.o
    0x200001e5   0x08002844   0x00000003   PAD
    0x200001e8        -       0x00000004   Zero   RW           45    .bss.token          main.o
    0x200001ec   0x08002844   0x00000004   PAD
    0x200001f0        -       0x00000200   Zero   RW           97    HEAP                startup_stm32f303x8.o
    0x200003f0        -       0x00000400   Zero   RW           96    STACK               startup_stm32f303x8.o


==============================================================================

Image component sizes


      Code (inc. data)   RO Data    RW Data    ZI Data      Debug   Object Name

       142          0          0          0          0        336   assemblerfunctions.o
        10          0          0          0          0        224   call.o
      4158        276        919         16        363      15291   main.o
        24          0          0          0          0        248   memory_display.o
        24          8          0          0          0        244   memory_modify.o
        10          0          0          0          0        216   run.o
        64         26        392          0       1536        876   startup_stm32f303x8.o
        18          0          0          4          0       2352   system_stm32f3xx.o

    ----------------------------------------------------------------------
      4460        310       1345         20       1912      19787   Object Totals
         0          0         32          0          0          0   (incl. Generated)
        10          0          2          0         13          0   (incl. Padding)

    ----------------------------------------------------------------------

      Code (inc. data)   RO Data    RW Data    ZI Data      Debug   Library Member Name

        60          8          0          0          0         84   __0sscanf.o
         8          0          0          0          0         68   __main.o
       312          4         17          0          0         92   __printf_flags_wp.o
        14          0          0          0          0         68   __printf_wp.o
         0          0          0          0          0          0   __rtentry.o
        12          0          0          0          0          0   __rtentry2.o
         6          0          0          0          0          0   __rtentry4.o
        52          8          0          0          0          0   __scatter.o
        26          0          0          0          0          0   __scatter_copy.o
        28          0          0          0          0          0   __scatter_zi.o
        28          0          0          0          0         68   _chval.o
        44          0          0          0          0        108   _printf_char.o
        48          6          0          0          0         96   _printf_char_common.o
         6          0          0          0          0          0   _printf_d.o
       120         16          0          0          0         92   _printf_dec.o
        88          4         40          0          0         88   _printf_hex_int.o
       178          0          0          0          0         88   _printf_intcommon.o
        78          0          0          0          0        108   _printf_pad.o
         0          0          0          0          0          0   _printf_percent.o
         4          0          0          0          0          0   _printf_percent_end.o
         6          0          0          0          0          0   _printf_s.o
        82          0          0          0          0         80   _printf_str.o
         6          0          0          0          0          0   _printf_x.o
       884          6          0          0          0        100   _scanf.o
       332          0          0          0          0         96   _scanf_int.o
        64          0          0          0          0         84   _sgetc.o
        10          0          0          0          0         68   _sputc.o
       158          0          0          0          0         92   _strtoul.o
        16          0          0          0          0         68   aeabi_memset.o
        10          0          0          0          0         68   defsig_exit.o
        50          0          0          0          0         88   defsig_general.o
        80         58          0          0          0         76   defsig_rtmem_inner.o
        14          0          0          0          0         80   defsig_rtmem_outer.o
        18          0          0          0          0         80   exit.o
        94          0          0          0          0         80   h1_alloc.o
        52          0          0          0          0         68   h1_extend.o
        78          0          0          0          0         80   h1_free.o
        14          0          0          0          0         84   h1_init.o
         6          0          0          0          0        152   heapauxi.o
         4          0          0          0          0        136   hguard.o
         0          0          0          0          0          0   indicate_semi.o
       138          0          0          0          0        168   init_alloc.o
        18          0          0          0          0         76   isspace.o
        44         10        272          0          0         76   lc_ctype_c.o
         2          0          0          0          0          0   libinit.o
        32          0          0          0          0          0   libinit2.o
         2          0          0          0          0          0   libshutdown.o
         2          0          0          0          0          0   libshutdown2.o
         8          4          0          0         96         68   libspace.o
         0          0          0          0          0          0   maybetermalloc1.o
        40          6          0          0          0         84   noretval__2sprintf.o
        16          4          0          0          0         76   rt_ctype_table.o
         8          4          0          0          0         68   rt_errno_addr_intlibspace.o
         8          4          0          0          0         68   rt_heap_descriptor_intlibspace.o
         8          4          0          0          0         68   rt_locale_intlibspace.o
        68          0          0          0          0         68   rt_memclr.o
        78          0          0          0          0         80   rt_memclr_w.o
         2          0          0          0          0          0   rtexit.o
        10          0          0          0          0          0   rtexit2.o
        44          8          0          0          0         84   scanf_char.o
       124          0          0          0          0         88   strcmpv7em.o
        32          0          0          0          0         80   strcspn.o
        28          0          0          0          0         80   strspn.o
        12          6          0          4          0         68   strtok.o
        68          4          0          0          0         84   strtok_int.o
       114          0          0          0          0         92   strtoul.o
        12          4          0          0          0         68   sys_exit.o
        74          0          0          0          0         80   sys_stackheap_outer.o
        14          0          0          0          0         76   sys_wrch.o
         2          0          0          0          0         68   use_no_semi.o
        26          0          0          0          0        116   fpinit.o

    ----------------------------------------------------------------------
      4150        168        329          4         96       4424   Library Totals
        26          0          0          0          0          0   (incl. Padding)

    ----------------------------------------------------------------------

      Code (inc. data)   RO Data    RW Data    ZI Data      Debug   Library Name

      4098        168        329          4         96       4308   c_w.l
        26          0          0          0          0        116   fz_wm.l

    ----------------------------------------------------------------------
      4150        168        329          4         96       4424   Library Totals

    ----------------------------------------------------------------------

==============================================================================


      Code (inc. data)   RO Data    RW Data    ZI Data      Debug   

      8610        478       1674         24       2008      21695   Grand Totals
      8610        478       1674         24       2008      21695   ELF Image Totals
      8610        478       1674         24          0          0   ROM Totals

==============================================================================

    Total RO  Size (Code + RO Data)                10284 (  10.04kB)
    Total RW  Size (RW Data + ZI Data)              2032 (   1.98kB)
    Total ROM Size (Code + RO Data + RW Data)      10308 (  10.07kB)

==============================================================================

