Component: Arm Compiler for Embedded 6.19 Tool: armlink [5e73cb00]

==============================================================================

Section Cross References

    main.o(.text) refers (Special) to _printf_percent.o(.ARM.Collect$$_printf_percent$$00000000) for _printf_percent
    main.o(.text) refers (Special) to _printf_pad.o(.text) for _printf_pre_padding
    main.o(.text) refers (Special) to _printf_s.o(.ARM.Collect$$_printf_percent$$00000014) for _printf_s
    main.o(.text) refers (Special) to _printf_x.o(.ARM.Collect$$_printf_percent$$0000000C) for _printf_x
    main.o(.text) refers (Special) to _printf_d.o(.ARM.Collect$$_printf_percent$$00000009) for _printf_d
    main.o(.text) refers (Special) to _printf_dec.o(.text) for _printf_int_dec
    main.o(.text) refers (Special) to _printf_hex_int.o(.text) for _printf_longlong_hex
    main.o(.text) refers (Special) to _printf_str.o(.text) for _printf_str
    main.o(.text) refers (Special) to _scanf_int.o(.text) for _scanf_int
    main.o(.text.main) refers (Special) to _printf_percent.o(.ARM.Collect$$_printf_percent$$00000000) for _printf_percent
    main.o(.text.main) refers (Special) to _printf_pad.o(.text) for _printf_pre_padding
    main.o(.text.main) refers (Special) to _printf_s.o(.ARM.Collect$$_printf_percent$$00000014) for _printf_s
    main.o(.text.main) refers (Special) to _printf_x.o(.ARM.Collect$$_printf_percent$$0000000C) for _printf_x
    main.o(.text.main) refers (Special) to _printf_d.o(.ARM.Collect$$_printf_percent$$00000009) for _printf_d
    main.o(.text.main) refers (Special) to _printf_dec.o(.text) for _printf_int_dec
    main.o(.text.main) refers (Special) to _printf_hex_int.o(.text) for _printf_longlong_hex
    main.o(.text.main) refers (Special) to _printf_str.o(.text) for _printf_str
    main.o(.text.main) refers (Special) to _scanf_int.o(.text) for _scanf_int
    main.o(.text.main) refers to system_stm32f3xx.o(.data.SystemCoreClock) for SystemCoreClock
    main.o(.text.main) refers to main.o(.rodata.str1.1) for .L.str.2
    main.o(.ARM.exidx.text.main) refers (Special) to _printf_percent.o(.ARM.Collect$$_printf_percent$$00000000) for _printf_percent
    main.o(.ARM.exidx.text.main) refers (Special) to _printf_pad.o(.text) for _printf_pre_padding
    main.o(.ARM.exidx.text.main) refers (Special) to _printf_s.o(.ARM.Collect$$_printf_percent$$00000014) for _printf_s
    main.o(.ARM.exidx.text.main) refers (Special) to _printf_x.o(.ARM.Collect$$_printf_percent$$0000000C) for _printf_x
    main.o(.ARM.exidx.text.main) refers (Special) to _printf_d.o(.ARM.Collect$$_printf_percent$$00000009) for _printf_d
    main.o(.ARM.exidx.text.main) refers (Special) to _printf_dec.o(.text) for _printf_int_dec
    main.o(.ARM.exidx.text.main) refers (Special) to _printf_hex_int.o(.text) for _printf_longlong_hex
    main.o(.ARM.exidx.text.main) refers (Special) to _printf_str.o(.text) for _printf_str
    main.o(.ARM.exidx.text.main) refers (Special) to _scanf_int.o(.text) for _scanf_int
    main.o(.ARM.exidx.text.main) refers to main.o(.text.main) for [Anonymous Symbol]
    main.o(.text.USART_config) refers (Special) to _printf_percent.o(.ARM.Collect$$_printf_percent$$00000000) for _printf_percent
    main.o(.text.USART_config) refers (Special) to _printf_pad.o(.text) for _printf_pre_padding
    main.o(.text.USART_config) refers (Special) to _printf_s.o(.ARM.Collect$$_printf_percent$$00000014) for _printf_s
    main.o(.text.USART_config) refers (Special) to _printf_x.o(.ARM.Collect$$_printf_percent$$0000000C) for _printf_x
    main.o(.text.USART_config) refers (Special) to _printf_d.o(.ARM.Collect$$_printf_percent$$00000009) for _printf_d
    main.o(.text.USART_config) refers (Special) to _printf_dec.o(.text) for _printf_int_dec
    main.o(.text.USART_config) refers (Special) to _printf_hex_int.o(.text) for _printf_longlong_hex
    main.o(.text.USART_config) refers (Special) to _printf_str.o(.text) for _printf_str
    main.o(.text.USART_config) refers (Special) to _scanf_int.o(.text) for _scanf_int
    main.o(.text.USART_config) refers to system_stm32f3xx.o(.data.SystemCoreClock) for SystemCoreClock
    main.o(.ARM.exidx.text.USART_config) refers (Special) to _printf_percent.o(.ARM.Collect$$_printf_percent$$00000000) for _printf_percent
    main.o(.ARM.exidx.text.USART_config) refers (Special) to _printf_pad.o(.text) for _printf_pre_padding
    main.o(.ARM.exidx.text.USART_config) refers (Special) to _printf_s.o(.ARM.Collect$$_printf_percent$$00000014) for _printf_s
    main.o(.ARM.exidx.text.USART_config) refers (Special) to _printf_x.o(.ARM.Collect$$_printf_percent$$0000000C) for _printf_x
    main.o(.ARM.exidx.text.USART_config) refers (Special) to _printf_d.o(.ARM.Collect$$_printf_percent$$00000009) for _printf_d
    main.o(.ARM.exidx.text.USART_config) refers (Special) to _printf_dec.o(.text) for _printf_int_dec
    main.o(.ARM.exidx.text.USART_config) refers (Special) to _printf_hex_int.o(.text) for _printf_longlong_hex
[...]
    .ARM.Collect$$_printf_percent$$00000017  0x0800020e   Section        4  _printf_percent_end.o(.ARM.Collect$$_printf_percent$$00000017)
    .ARM.Collect$$libinit$$00000000          0x08000212   Section        2  libinit.o(.ARM.Collect$$libinit$$00000000)
    .ARM.Collect$$libinit$$00000001          0x08000214   Section        4  libinit2.o(.ARM.Collect$$libinit$$00000001)
    .ARM.Collect$$libinit$$00000004          0x08000218   Section        0  libinit2.o(.ARM.Collect$$libinit$$00000004)
    .ARM.Collect$$libinit$$00000006          0x08000218   Section        0  libinit2.o(.ARM.Collect$$libinit$$00000006)
    .ARM.Collect$$libinit$$00000007          0x08000218   Section        8  libinit2.o(.ARM.Collect$$libinit$$00000007)
    .ARM.Collect$$libinit$$0000000C          0x08000220   Section        0  libinit2.o(.ARM.Collect$$libinit$$0000000C)
    .ARM.Collect$$libinit$$0000000E          0x08000220   Section        0  libinit2.o(.ARM.Collect$$libinit$$0000000E)
    .ARM.Collect$$libinit$$00000010          0x08000220   Section        0  libinit2.o(.ARM.Collect$$libinit$$00000010)
    .ARM.Collect$$libinit$$00000011          0x08000220   Section        6  libinit2.o(.ARM.Collect$$libinit$$00000011)
    .ARM.Collect$$libinit$$00000013          0x08000226   Section        0  libinit2.o(.ARM.Collect$$libinit$$00000013)
    .ARM.Collect$$libinit$$00000014          0x08000226   Section       12  libinit2.o(.ARM.Collect$$libinit$$00000014)
    .ARM.Collect$$libinit$$00000015          0x08000232   Section        0  libinit2.o(.ARM.Collect$$libinit$$00000015)
    .ARM.Collect$$libinit$$00000017          0x08000232   Section        0  libinit2.o(.ARM.Collect$$libinit$$00000017)
    .ARM.Collect$$libinit$$00000019          0x08000232   Section        0  libinit2.o(.ARM.Collect$$libinit$$00000019)
    .ARM.Collect$$libinit$$0000001B          0x08000232   Section        0  libinit2.o(.ARM.Collect$$libinit$$0000001B)
    .ARM.Collect$$libinit$$0000001D          0x08000232   Section        0  libinit2.o(.ARM.Collect$$libinit$$0000001D)
    .ARM.Collect$$libinit$$0000001F          0x08000232   Section        0  libinit2.o(.ARM.Collect$$libinit$$0000001F)
    .ARM.Collect$$libinit$$00000021          0x08000232   Section        0  libinit2.o(.ARM.Collect$$libinit$$00000021)
    .ARM.Collect$$libinit$$00000023          0x08000232   Section        0  libinit2.o(.ARM.Collect$$libinit$$00000023)
    .ARM.Collect$$libinit$$00000025          0x08000232   Section        0  libinit2.o(.ARM.Collect$$libinit$$00000025)
    .ARM.Collect$$libinit$$00000027          0x08000232   Section        0  libinit2.o(.ARM.Collect$$libinit$$00000027)
    .ARM.Collect$$libinit$$0000002E          0x08000232   Section        0  libinit2.o(.ARM.Collect$$libinit$$0000002E)
    .ARM.Collect$$libinit$$00000030          0x08000232   Section        0  libinit2.o(.ARM.Collect$$libinit$$00000030)
    .ARM.Collect$$libinit$$00000032          0x08000232   Section        0  libinit2.o(.ARM.Collect$$libinit$$00000032)
    .ARM.Collect$$libinit$$00000034          0x08000232   Section        0  libinit2.o(.ARM.Collect$$libinit$$00000034)
    .ARM.Collect$$libinit$$00000035          0x08000232   Section        2  libinit2.o(.ARM.Collect$$libinit$$00000035)
    .ARM.Collect$$libshutdown$$00000000      0x08000234   Section        2  libshutdown.o(.ARM.Collect$$libshutdown$$00000000)
    .ARM.Collect$$libshutdown$$00000002      0x08000236   Section        0  libshutdown2.o(.ARM.Collect$$libshutdown$$00000002)
    .ARM.Collect$$libshutdown$$00000004      0x08000236   Section        0  libshutdown2.o(.ARM.Collect$$libshutdown$$00000004)
    .ARM.Collect$$libshutdown$$00000007      0x08000236   Section        0  libshutdown2.o(.ARM.Collect$$libshutdown$$00000007)
    .ARM.Collect$$libshutdown$$0000000A      0x08000236   Section        0  libshutdown2.o(.ARM.Collect$$libshutdown$$0000000A)
    .ARM.Collect$$libshutdown$$0000000C      0x08000236   Section        0  libshutdown2.o(.ARM.Collect$$libshutdown$$0000000C)
    .ARM.Collect$$libshutdown$$0000000F      0x08000236   Section        0  libshutdown2.o(.ARM.Collect$$libshutdown$$0000000F)
    .ARM.Collect$$libshutdown$$00000010      0x08000236   Section        2  libshutdown2.o(.ARM.Collect$$libshutdown$$00000010)
    .ARM.Collect$$rtentry$$00000000          0x08000238   Section        0  __rtentry.o(.ARM.Collect$$rtentry$$00000000)
    .ARM.Collect$$rtentry$$00000002          0x08000238   Section        0  __rtentry2.o(.ARM.Collect$$rtentry$$00000002)
    .ARM.Collect$$rtentry$$00000004          0x08000238   Section        6  __rtentry4.o(.ARM.Collect$$rtentry$$00000004)
    .ARM.Collect$$rtentry$$00000009          0x0800023e   Section        0  __rtentry2.o(.ARM.Collect$$rtentry$$00000009)
    .ARM.Collect$$rtentry$$0000000A          0x0800023e   Section        4  __rtentry2.o(.ARM.Collect$$rtentry$$0000000A)
    .ARM.Collect$$rtentry$$0000000C          0x08000242   Section        0  __rtentry2.o(.ARM.Collect$$rtentry$$0000000C)
    .ARM.Collect$$rtentry$$0000000D          0x08000242   Section        8  __rtentry2.o(.ARM.Collect$$rtentry$$0000000D)
    .ARM.Collect$$rtexit$$00000000           0x0800024a   Section        2  rtexit.o(.ARM.Collect$$rtexit$$00000000)
    .ARM.Collect$$rtexit$$00000002           0x0800024c   Section        0  rtexit2.o(.ARM.Collect$$rtexit$$00000002)
    .ARM.Collect$$rtexit$$00000003           0x0800024c   Section        4  rtexit2.o(.ARM.Collect$$rtexit$$00000003)
    .ARM.Collect$$rtexit$$00000004           0x08000250   Section        6  rtexit2.o(.ARM.Collect$$rtexit$$00000004)
    $v0                                      0x08000258   Number         0  assemblerfunctions.o(.text)
    .text                                    0x08000258   Section      142  assemblerfunctions.o(.text)
    $v0                                      0x080002e8   Number         0  memory_display.o(.text)
    .text                                    0x080002e8   Section       24  memory_display.o(.text)
    $v0                                      0x08000300   Number         0  memory_modify.o(.text)
    .text                                    0x08000300   Section       24  memory_modify.o(.text)
    $v0                                      0x08000318   Number         0  call.o(.text)
    .text                                    0x08000318   Section       10  call.o(.text)
    $v0                                      0x08000324   Number         0  run.o(.text)
    .text                                    0x08000324   Section       10  run.o(.text)
    $v0                                      0x08000330   Number         0  startup_stm32f303x8.o(.text)
    .text                                    0x08000330   Section       64  startup_stm32f303x8.o(.text)
    .text                                    0x08000370   Section        0  h1_alloc.o(.text)
    .text                                    0x080003ce   Section        0  h1_free.o(.text)
    .text                                    0x0800041c   Section        0  noretval__2sprintf.o(.text)
    .text                                    0x08000444   Section        0  _printf_pad.o(.text)
    .text                                    0x08000492   Section        0  _printf_str.o(.text)
    .text                                    0x080004e4   Section        0  _printf_dec.o(.text)
    .text                                    0x0800055c   Section        0  _printf_hex_int.o(.text)
    .text                                    0x080005b4   Section        0  __printf_flags_wp.o(.text)
    .text                                    0x080006ec   Section        0  __0sscanf.o(.text)
    .text                                    0x08000728   Section        0  _scanf_int.o(.text)
    .text                                    0x08000874   Section        0  strtol.o(.text)
    .text                                    0x080008e4   Section        0  strtoul.o(.text)
    .text                                    0x08000958   Section        0  strtok.o(.text)
    .text                                    0x08000964   Section        0  strlen.o(.text)
    .text                                    0x080009a2   Section      138  rt_memcpy_v6.o(.text)
    .text                                    0x08000a2c   Section       16  aeabi_memset.o(.text)
    .text                                    0x08000a3c   Section       78  rt_memclr_w.o(.text)
    .text                                    0x08000a90   Section      124  strcmpv7em.o(.text)
    .text                                    0x08000b0c   Section        0  heapauxi.o(.text)
    .text                                    0x08000b14   Section       16  rt_ctype_table.o(.text)
    .text                                    0x08000b24   Section        8  rt_heap_descriptor_intlibspace.o(.text)
    .text                                    0x08000b2c   Section        8  rt_errno_addr_intlibspace.o(.text)
    .text                                    0x08000b34   Section        0  hguard.o(.text)
    .text                                    0x08000b38   Section        0  init_alloc.o(.text)
    .text                                    0x08000bc2   Section        0  h1_init.o(.text)
    .text                                    0x08000bd0   Section        0  _rserrno.o(.text)
    .text                                    0x08000be6   Section        0  _printf_intcommon.o(.text)
    _printf_input_char                       0x08000c99   Thumb Code    10  _printf_char_common.o(.text)
    .text                                    0x08000c98   Section        0  _printf_char_common.o(.text)
    .text                                    0x08000cc8   Section        0  _sputc.o(.text)
    .text                                    0x08000cd2   Section        0  _printf_char.o(.text)
    .text                                    0x08000cfe   Section        0  _chval.o(.text)
    _scanf_char_input                        0x08000d1d   Thumb Code    12  scanf_char.o(.text)
    .text                                    0x08000d1c   Section        0  scanf_char.o(.text)
    .text                                    0x08000d48   Section        0  _sgetc.o(.text)
    .text                                    0x08000d88   Section        0  _strtoul.o(.text)
    .text                                    0x08000e28   Section        0  strtok_int.o(.text)
    .text                                    0x08000e6c   Section      100  rt_memcpy_w.o(.text)
    .text                                    0x08000ed0   Section       68  rt_memclr.o(.text)
    .text                                    0x08000f14   Section        8  libspace.o(.text)
    .text                                    0x08000f1c   Section        8  rt_locale_intlibspace.o(.text)
    .text                                    0x08000f24   Section        0  maybetermalloc1.o(.text)
    .text                                    0x08000f24   Section        0  h1_extend.o(.text)
    .text                                    0x08000f58   Section        0  isspace.o(.text)
    .text                                    0x08000f6c   Section        0  _scanf.o(.text)
    .text                                    0x080012e0   Section        0  defsig_rtmem_outer.o(.text)
    .text                                    0x080012ee   Section        0  strcspn.o(.text)
    .text                                    0x0800130e   Section        0  strspn.o(.text)
    .text                                    0x0800132a   Section        2  use_no_semi.o(.text)
    .text                                    0x0800132c   Section        0  indicate_semi.o(.text)
    .text                                    0x0800132c   Section       74  sys_stackheap_outer.o(.text)
    .text                                    0x08001376   Section        0  exit.o(.text)
    .text                                    0x08001388   Section        0  defsig_exit.o(.text)
    .text                                    0x08001394   Section        0  defsig_rtmem_inner.o(.text)
    .text                                    0x080013e4   Section        0  sys_exit.o(.text)
    .text                                    0x080013f0   Section        0  defsig_general.o(.text)
    .text                                    0x08001422   Section        0  sys_wrch.o(.text)
    [Anonymous Symbol]                       0x08001430   Section        0  main.o(.text.SysTick_Handler)
    [Anonymous Symbol]                       0x08001744   Section        0  system_stm32f3xx.o(.text.SystemInit)
    [Anonymous Symbol]                       0x08001758   Section        0  main.o(.text.USART2_IRQHandler)
    [Anonymous Symbol]                       0x08001a34   Section        0  main.o(.text.blockFill)
    [Anonymous Symbol]                       0x08001b74   Section        0  main.o(.text.callCommand)
    [Anonymous Symbol]                       0x08001c78   Section        0  main.o(.text.main)
    [Anonymous Symbol]                       0x08001de8   Section        0  main.o(.text.memoryDisplay)
    [Anonymous Symbol]                       0x08002048   Section        0  main.o(.text.memoryModify)
    [Anonymous Symbol]                       0x0800216c   Section        0  main.o(.text.registerDisplay)
    [Anonymous Symbol]                       0x0800226c   Section        0  main.o(.text.registerModify)
    [Anonymous Symbol]                       0x080024d0   Section        0  main.o(.text.runCommand)
    [Anonymous Symbol]                       0x080025d0   Section        0  main.o(.text.segmentOut)
    i.__hardfp_log                           0x08002888   Section        0  log.o(i.__hardfp_log)
    i.__hardfp_log10                         0x08002c50   Section        0  log10.o(i.__hardfp_log10)
    i.__kernel_poly                          0x08002d80   Section        0  poly.o(i.__kernel_poly)
    i.__mathlib_dbl_divzero                  0x08002e78   Section        0  dunder.o(i.__mathlib_dbl_divzero)
    i.__mathlib_dbl_infnan                   0x08002ea8   Section        0  dunder.o(i.__mathlib_dbl_infnan)
    i.__mathlib_dbl_invalid                  0x08002ec0   Section        0  dunder.o(i.__mathlib_dbl_invalid)
    i._is_digit                              0x08002ee0   Section        0  __printf_wp.o(i._is_digit)
    i.log                                    0x08002eee   Section        0  log.o(i.log)
    locale$$code                             0x08002f00   Section       44  lc_ctype_c.o(locale$$code)
    $v0                                      0x08002f2c   Number         0  basic.o(x$fpl$basic)
    x$fpl$basic                              0x08002f2c   Section       24  basic.o(x$fpl$basic)
    $v0                                      0x08002f44   Number         0  daddsub_clz.o(x$fpl$dadd)
    x$fpl$dadd                               0x08002f44   Section      336  daddsub_clz.o(x$fpl$dadd)
    _dadd1                                   0x08002f55   Thumb Code     0  daddsub_clz.o(x$fpl$dadd)
    $v0                                      0x08003094   Number         0  dcmpi.o(x$fpl$dcmpinf)
    x$fpl$dcmpinf                            0x08003094   Section       24  dcmpi.o(x$fpl$dcmpinf)
    $v0                                      0x080030ac   Number         0  ddiv.o(x$fpl$ddiv)
    x$fpl$ddiv                               0x080030ac   Section      692  ddiv.o(x$fpl$ddiv)
    ddiv_entry                               0x080030b3   Thumb Code     0  ddiv.o(x$fpl$ddiv)
    $v0                                      0x08003360   Number         0  deqf.o(x$fpl$deqf)
    x$fpl$deqf                               0x08003360   Section      120  deqf.o(x$fpl$deqf)
    $v0                                      0x080033d8   Number         0  dfix.o(x$fpl$dfix)
    x$fpl$dfix                               0x080033d8   Section       94  dfix.o(x$fpl$dfix)
    $v0                                      0x08003436   Number         0  dflt_clz.o(x$fpl$dflt)
    x$fpl$dflt                               0x08003436   Section       46  dflt_clz.o(x$fpl$dflt)
    $v0                                      0x08003464   Number         0  dmul.o(x$fpl$dmul)
    x$fpl$dmul                               0x08003464   Section      340  dmul.o(x$fpl$dmul)
    $v0                                      0x080035b8   Number         0  dnaninf.o(x$fpl$dnaninf)
    x$fpl$dnaninf                            0x080035b8   Section      156  dnaninf.o(x$fpl$dnaninf)
    $v0                                      0x08003654   Number         0  dretinf.o(x$fpl$dretinf)
    x$fpl$dretinf                            0x08003654   Section       12  dretinf.o(x$fpl$dretinf)
    $v0                                      0x08003660   Number         0  daddsub_clz.o(x$fpl$drsb)
    x$fpl$drsb                               0x08003660   Section       22  daddsub_clz.o(x$fpl$drsb)
    $v0                                      0x08003678   Number         0  daddsub_clz.o(x$fpl$dsub)
    x$fpl$dsub                               0x08003678   Section      476  daddsub_clz.o(x$fpl$dsub)
    _dsub1                                   0x08003689   Thumb Code     0  daddsub_clz.o(x$fpl$dsub)
    $v0                                      0x08003854   Number         0  fpinit.o(x$fpl$fpinit)
    x$fpl$fpinit                             0x08003854   Section       26  fpinit.o(x$fpl$fpinit)
    uc_hextab                                0x0800386e   Data          20  _printf_hex_int.o(.constdata)
    .constdata                               0x0800386e   Section       40  _printf_hex_int.o(.constdata)
    x$fpl$usenofp                            0x0800386e   Section        0  usenofp.o(x$fpl$usenofp)
    lc_hextab                                0x08003882   Data          20  _printf_hex_int.o(.constdata)
    maptable                                 0x08003896   Data          17  __printf_flags_wp.o(.constdata)
    .constdata                               0x08003896   Section       17  __printf_flags_wp.o(.constdata)
    Lg2                                      0x080038a8   Data          24  log.o(.constdata)
    .constdata                               0x080038a8   Section       56  log.o(.constdata)
    Lg                                       0x080038c0   Data          32  log.o(.constdata)
    .constdata                               0x080038e0   Section        8  qnan.o(.constdata)
    .Lswitch.table.SysTick_Handler.68        0x080038e8   Data          36  main.o(.rodata..Lswitch.table.SysTick_Handler.68)
    .L.str.7                                 0x0800390c   Data          60  main.o(.rodata.str1.1)
    [Anonymous Symbol]                       0x0800390c   Section        0  main.o(.rodata.str1.1)
    .L.str.59                                0x08003948   Data          27  main.o(.rodata.str1.1)
    .L.str.53                                0x08003963   Data          33  main.o(.rodata.str1.1)
    .L.str.57                                0x08003984   Data          26  main.o(.rodata.str1.1)
    .L.str.61                                0x0800399e   Data          34  main.o(.rodata.str1.1)
    .L.str.23                                0x080039c0   Data          39  main.o(.rodata.str1.1)
    .L.str.42                                0x080039e7   Data          37  main.o(.rodata.str1.1)
    .L.str.25                                0x08003a0c   Data          38  main.o(.rodata.str1.1)
    .L.str.49                                0x08003a32   Data          36  main.o(.rodata.str1.1)
    .L.str.21                                0x08003a51   Data           5  main.o(.rodata.str1.1)
    .L.str.4                                 0x08003a56   Data          62  main.o(.rodata.str1.1)
    .L.str.5                                 0x08003a94   Data          62  main.o(.rodata.str1.1)
    .L.str.6                                 0x08003ad2   Data          62  main.o(.rodata.str1.1)
    .L.str.3                                 0x08003b10   Data          62  main.o(.rodata.str1.1)
    .L.str.2                                 0x08003b4e   Data          60  main.o(.rodata.str1.1)
    .L.str.52                                0x08003b8a   Data          41  main.o(.rodata.str1.1)
    .L.str.54                                0x08003bb3   Data          55  main.o(.rodata.str1.1)
    .L.str.50                                0x08003bea   Data          50  main.o(.rodata.str1.1)
    .L.str.47                                0x08003c1c   Data          34  main.o(.rodata.str1.1)
    .L.str.41                                0x08003c3e   Data          31  main.o(.rodata.str1.1)
    .L.str.62                                0x08003c5d   Data          34  main.o(.rodata.str1.1)
    .L.str.56                                0x08003c7f   Data          29  main.o(.rodata.str1.1)
    .L.str.9                                 0x08003c9c   Data          26  main.o(.rodata.str1.1)
    .L.str.22                                0x08003cb3   Data           3  main.o(.rodata.str1.1)
    .L.str.46                                0x08003cb6   Data          14  main.o(.rodata.str1.1)
    .L.str.45                                0x08003cc4   Data          16  main.o(.rodata.str1.1)
    .L.str.8                                 0x08003cd4   Data           4  main.o(.rodata.str1.1)
    .L.str                                   0x08003cd6   Data           2  main.o(.rodata.str1.1)
    .L.str.1                                 0x08003cd8   Data           2  main.o(.rodata.str1.1)
    .L.str.27                                0x08003cda   Data           3  main.o(.rodata.str1.1)
    .L.str.64                                0x08003cdc   Data           1  main.o(.rodata.str1.1)
    locale$$data                             0x08003d00   Section      272  lc_ctype_c.o(locale$$data)
    __lcctype_c_name                         0x08003d04   Data           2  lc_ctype_c.o(locale$$data)
    __lcctype_c_start                        0x08003d0c   Data           0  lc_ctype_c.o(locale$$data)
    __lcctype_c_end                          0x08003e10   Data           0  lc_ctype_c.o(locale$$data)
    _strtok_saves1                           0x20000000   Data           4  strtok.o(.data)
    .data                                    0x20000000   Section        4  strtok.o(.data)
    .bss                                     0x20000020   Section       96  libspace.o(.bss)
    bf_data                                  0x200000c8   Data           4  main.o(.bss.bf_data)
    [Anonymous Symbol]                       0x200000c8   Section        0  main.o(.bss.bf_data)
    bf_end                                   0x200000cc   Data           4  main.o(.bss.bf_end)
    [Anonymous Symbol]                       0x200000cc   Section        0  main.o(.bss.bf_end)
    bf_start                                 0x200000d0   Data           4  main.o(.bss.bf_start)
    [Anonymous Symbol]                       0x200000d0   Section        0  main.o(.bss.bf_start)
    end                                      0x20000174   Data           4  main.o(.bss.end)
    [Anonymous Symbol]                       0x20000174   Section        0  main.o(.bss.end)
    endptr                                   0x2000017c   Data           4  main.o(.bss.endptr)
    [Anonymous Symbol]                       0x2000017c   Section        0  main.o(.bss.endptr)
    md_addr                                  0x20000190   Data           4  main.o(.bss.md_addr)
    [Anonymous Symbol]                       0x20000190   Section        0  main.o(.bss.md_addr)
    md_data                                  0x20000194   Data           4  main.o(.bss.md_data)
    [Anonymous Symbol]                       0x20000194   Section        0  main.o(.bss.md_data)
    md_size                                  0x20000198   Data           4  main.o(.bss.md_size)
    [Anonymous Symbol]                       0x20000198   Section        0  main.o(.bss.md_size)
    registers                                0x200001ac   Data          60  main.o(.bss.registers)
    [Anonymous Symbol]                       0x200001ac   Section        0  main.o(.bss.registers)
    start                                    0x200001f8   Data           4  main.o(.bss.start)
    [Anonymous Symbol]                       0x200001f8   Section        0  main.o(.bss.start)
    Heap_Mem                                 0x20000210   Data         512  startup_stm32f303x8.o(HEAP)
    HEAP                                     0x20000210   Section      512  startup_stm32f303x8.o(HEAP)
    Stack_Mem                                0x20000410   Data        1024  startup_stm32f303x8.o(STACK)
    STACK                                    0x20000410   Section     1024  startup_stm32f303x8.o(STACK)
    __initial_sp                             0x20000810   Data           0  startup_stm32f303x8.o(STACK)

    Global Symbols

    Symbol Name                              Value     Ov Type        Size  Object(Section)

    BuildAttributes$$THM_ISAv4$E$P$D$K$B$S$7EM$VFPi3$EXTD16$VFPS$VFMA$PE$A:L22UL41UL21$X:L11$S22US41US21$IEEE1$IW$~IW$USESV6$~STKCKD$USESV7$~SHL$OTIME$ROPI$IEEEX$EBA8$UX$STANDARDLIB$REQ8$PRES8$EABIv2 0x00000000   Number         0  anon$$obj.o ABSOLUTE
    _printf_flags                            0x00000000   Number         0  printf_stubs.o ABSOLUTE
    _printf_return_value                     0x00000000   Number         0  printf_stubs.o ABSOLUTE
    _printf_sizespec                         0x00000000   Number         0  printf_stubs.o ABSOLUTE
    _printf_widthprec                        0x00000000   Number         0  printf_stubs.o ABSOLUTE
    __ARM_exceptions_init                     - Undefined Weak Reference
    __alloca_initialize                       - Undefined Weak Reference
    __arm_preinit_                            - Undefined Weak Reference
    __arm_relocate_pie_                       - Undefined Weak Reference
    __cpp_initialize__aeabi_                  - Undefined Weak Reference
    __cxa_finalize                            - Undefined Weak Reference
    __sigvec_lookup                           - Undefined Weak Reference
    __user_heap_extent                        - Undefined Weak Reference
    _atexit_init                              - Undefined Weak Reference
    _call_atexit_fns                          - Undefined Weak Reference
    _clock_init                               - Undefined Weak Reference
    _fp_trap_init                             - Undefined Weak Reference
    _fp_trap_shutdown                         - Undefined Weak Reference
    _get_lc_collate                           - Undefined Weak Reference
    _get_lc_monetary                          - Undefined Weak Reference
    _get_lc_numeric                           - Undefined Weak Reference
    _get_lc_time                              - Undefined Weak Reference
    _getenv_init                              - Undefined Weak Reference
    _handle_redirection                       - Undefined Weak Reference
    _initio                                   - Undefined Weak Reference
    _mutex_acquire                            - Undefined Weak Reference
    _mutex_free                               - Undefined Weak Reference
    _mutex_release                            - Undefined Weak Reference
    _printf_mbtowc                            - Undefined Weak Reference
    _printf_truncate_signed                   - Undefined Weak Reference
    _printf_truncate_unsigned                 - Undefined Weak Reference
    _rand_init                                - Undefined Weak Reference
    _scanf_longlong                           - Undefined Weak Reference
    _scanf_mbtowc                             - Undefined Weak Reference
    _scanf_real                               - Undefined Weak Reference
    _scanf_string                             - Undefined Weak Reference
    _scanf_wctomb                             - Undefined Weak Reference
    _scanf_wstring                            - Undefined Weak Reference
    _signal_finish                            - Undefined Weak Reference
    _signal_init                              - Undefined Weak Reference
    _terminateio                              - Undefined Weak Reference
    __Vectors_Size                           0x00000188   Number         0  startup_stm32f303x8.o ABSOLUTE
    __Vectors                                0x08000000   Data           4  startup_stm32f303x8.o(RESET)
    __Vectors_End                            0x08000188   Data           0  startup_stm32f303x8.o(RESET)
    __main                                   0x08000189   Thumb Code     8  __main.o(!!!main)
    __scatterload                            0x08000191   Thumb Code     0  __scatter.o(!!!scatter)
    __scatterload_rt2                        0x08000191   Thumb Code    44  __scatter.o(!!!scatter)
    __scatterload_rt2_thumb_only             0x08000191   Thumb Code     0  __scatter.o(!!!scatter)
    __scatterload_null                       0x0800019f   Thumb Code     0  __scatter.o(!!!scatter)
    __scatterload_copy                       0x080001c5   Thumb Code    26  __scatter_copy.o(!!handler_copy)
    __scatterload_zeroinit                   0x080001e1   Thumb Code    28  __scatter_zi.o(!!handler_zi)
    _printf_d                                0x080001fd   Thumb Code     0  _printf_d.o(.ARM.Collect$$_printf_percent$$00000009)
    _printf_percent                          0x080001fd   Thumb Code     0  _printf_percent.o(.ARM.Collect$$_printf_percent$$00000000)
    _printf_x                                0x08000203   Thumb Code     0  _printf_x.o(.ARM.Collect$$_printf_percent$$0000000C)
    _printf_s                                0x08000209   Thumb Code     0  _printf_s.o(.ARM.Collect$$_printf_percent$$00000014)
    _printf_percent_end                      0x0800020f   Thumb Code     0  _printf_percent_end.o(.ARM.Collect$$_printf_percent$$00000017)
    __rt_lib_init                            0x08000213   Thumb Code     0  libinit.o(.ARM.Collect$$libinit$$00000000)
    __rt_lib_init_fp_1                       0x08000215   Thumb Code     0  libinit2.o(.ARM.Collect$$libinit$$00000001)
    __rt_lib_init_heap_2                     0x08000219   Thumb Code     0  libinit2.o(.ARM.Collect$$libinit$$00000007)
    __rt_lib_init_preinit_1                  0x08000219   Thumb Code     0  libinit2.o(.ARM.Collect$$libinit$$00000006)
    __rt_lib_init_relocate_pie_1             0x08000219   Thumb Code     0  libinit2.o(.ARM.Collect$$libinit$$00000004)
    __rt_lib_init_heap_1                     0x08000221   Thumb Code     0  libinit2.o(.ARM.Collect$$libinit$$0000000C)
    __rt_lib_init_lc_common                  0x08000221   Thumb Code     0  libinit2.o(.ARM.Collect$$libinit$$00000011)
    __rt_lib_init_rand_1                     0x08000221   Thumb Code     0  libinit2.o(.ARM.Collect$$libinit$$00000010)
    __rt_lib_init_user_alloc_1               0x08000221   Thumb Code     0  libinit2.o(.ARM.Collect$$libinit$$0000000E)
    __rt_lib_init_lc_collate_1               0x08000227   Thumb Code     0  libinit2.o(.ARM.Collect$$libinit$$00000013)
    __rt_lib_init_lc_ctype_2                 0x08000227   Thumb Code     0  libinit2.o(.ARM.Collect$$libinit$$00000014)
    __rt_lib_init_alloca_1                   0x08000233   Thumb Code     0  libinit2.o(.ARM.Collect$$libinit$$00000030)
    __rt_lib_init_argv_1                     0x08000233   Thumb Code     0  libinit2.o(.ARM.Collect$$libinit$$0000002E)
    __rt_lib_init_atexit_1                   0x08000233   Thumb Code     0  libinit2.o(.ARM.Collect$$libinit$$0000001D)
    __rt_lib_init_clock_1                    0x08000233   Thumb Code     0  libinit2.o(.ARM.Collect$$libinit$$00000023)
    __rt_lib_init_cpp_1                      0x08000233   Thumb Code     0  libinit2.o(.ARM.Collect$$libinit$$00000034)
    __rt_lib_init_exceptions_1               0x08000233   Thumb Code     0  libinit2.o(.ARM.Collect$$libinit$$00000032)
    __rt_lib_init_fp_trap_1                  0x08000233   Thumb Code     0  libinit2.o(.ARM.Collect$$libinit$$00000021)
    __rt_lib_init_getenv_1                   0x08000233   Thumb Code     0  libinit2.o(.ARM.Collect$$libinit$$00000025)
    __rt_lib_init_lc_ctype_1                 0x08000233   Thumb Code     0  libinit2.o(.ARM.Collect$$libinit$$00000015)
    __rt_lib_init_lc_monetary_1              0x08000233   Thumb Code     0  libinit2.o(.ARM.Collect$$libinit$$00000017)
    __rt_lib_init_lc_numeric_1               0x08000233   Thumb Code     0  libinit2.o(.ARM.Collect$$libinit$$00000019)
    __rt_lib_init_lc_time_1                  0x08000233   Thumb Code     0  libinit2.o(.ARM.Collect$$libinit$$0000001B)
    __rt_lib_init_return                     0x08000233   Thumb Code     0  libinit2.o(.ARM.Collect$$libinit$$00000035)
    __rt_lib_init_signal_1                   0x08000233   Thumb Code     0  libinit2.o(.ARM.Collect$$libinit$$0000001F)
    __rt_lib_init_stdio_1                    0x08000233   Thumb Code     0  libinit2.o(.ARM.Collect$$libinit$$00000027)
    __rt_lib_shutdown                        0x08000235   Thumb Code     0  libshutdown.o(.ARM.Collect$$libshutdown$$00000000)
    __rt_lib_shutdown_cpp_1                  0x08000237   Thumb Code     0  libshutdown2.o(.ARM.Collect$$libshutdown$$00000002)
    __rt_lib_shutdown_fp_trap_1              0x08000237   Thumb Code     0  libshutdown2.o(.ARM.Collect$$libshutdown$$00000007)
    __rt_lib_shutdown_heap_1                 0x08000237   Thumb Code     0  libshutdown2.o(.ARM.Collect$$libshutdown$$0000000F)
    __rt_lib_shutdown_return                 0x08000237   Thumb Code     0  libshutdown2.o(.ARM.Collect$$libshutdown$$00000010)
    __rt_lib_shutdown_signal_1               0x08000237   Thumb Code     0  libshutdown2.o(.ARM.Collect$$libshutdown$$0000000A)
    __rt_lib_shutdown_stdio_1                0x08000237   Thumb Code     0  libshutdown2.o(.ARM.Collect$$libshutdown$$00000004)
    __rt_lib_shutdown_user_alloc_1           0x08000237   Thumb Code     0  libshutdown2.o(.ARM.Collect$$libshutdown$$0000000C)
    __rt_entry                               0x08000239   Thumb Code     0  __rtentry.o(.ARM.Collect$$rtentry$$00000000)
    __rt_entry_presh_1                       0x08000239   Thumb Code     0  __rtentry2.o(.ARM.Collect$$rtentry$$00000002)
    __rt_entry_sh                            0x08000239   Thumb Code     0  __rtentry4.o(.ARM.Collect$$rtentry$$00000004)
    __rt_entry_li                            0x0800023f   Thumb Code     0  __rtentry2.o(.ARM.Collect$$rtentry$$0000000A)
    __rt_entry_postsh_1                      0x0800023f   Thumb Code     0  __rtentry2.o(.ARM.Collect$$rtentry$$00000009)
    __rt_entry_main                          0x08000243   Thumb Code     0  __rtentry2.o(.ARM.Collect$$rtentry$$0000000D)
    __rt_entry_postli_1                      0x08000243   Thumb Code     0  __rtentry2.o(.ARM.Collect$$rtentry$$0000000C)
    __rt_exit                                0x0800024b   Thumb Code     0  rtexit.o(.ARM.Collect$$rtexit$$00000000)
    __rt_exit_ls                             0x0800024d   Thumb Code     0  rtexit2.o(.ARM.Collect$$rtexit$$00000003)
    __rt_exit_prels_1                        0x0800024d   Thumb Code     0  rtexit2.o(.ARM.Collect$$rtexit$$00000002)
    __rt_exit_exit                           0x08000251   Thumb Code     0  rtexit2.o(.ARM.Collect$$rtexit$$00000004)
    loadResgistersContent                    0x08000259   Thumb Code     0  assemblerfunctions.o(.text)
    loadR1Content                            0x08000289   Thumb Code     0  assemblerfunctions.o(.text)
    updateR0                                 0x0800028f   Thumb Code     0  assemblerfunctions.o(.text)
    updateR1                                 0x08000295   Thumb Code     0  assemblerfunctions.o(.text)
    updateR2                                 0x0800029b   Thumb Code     0  assemblerfunctions.o(.text)
    updateR3                                 0x080002a1   Thumb Code     0  assemblerfunctions.o(.text)
    updateR4                                 0x080002a7   Thumb Code     0  assemblerfunctions.o(.text)
    updateR5                                 0x080002ad   Thumb Code     0  assemblerfunctions.o(.text)
    updateR6                                 0x080002b3   Thumb Code     0  assemblerfunctions.o(.text)
    updateR7                                 0x080002b9   Thumb Code     0  assemblerfunctions.o(.text)
    updateR8                                 0x080002bf   Thumb Code     0  assemblerfunctions.o(.text)
    updateR9                                 0x080002c7   Thumb Code     0  assemblerfunctions.o(.text)
    updateR10                                0x080002cf   Thumb Code     0  assemblerfunctions.o(.text)
    updateR11                                0x080002d7   Thumb Code     0  assemblerfunctions.o(.text)
    updateR12                                0x080002df   Thumb Code     0  assemblerfunctions.o(.text)
    memoryDisplayAss                         0x080002e9   Thumb Code     0  memory_display.o(.text)
    modifyMemoryAss                          0x08000301   Thumb Code     0  memory_modify.o(.text)
    callAddrAssembler                        0x08000319   Thumb Code     0  call.o(.text)
    runAddrAssembler                         0x08000325   Thumb Code     0  run.o(.text)
    Reset_Handler                            0x08000331   Thumb Code     8  startup_stm32f303x8.o(.text)
    NMI_Handler                              0x08000339   Thumb Code     2  startup_stm32f303x8.o(.text)
    HardFault_Handler                        0x0800033b   Thumb Code     2  startup_stm32f303x8.o(.text)
    MemManage_Handler                        0x0800033d   Thumb Code     2  startup_stm32f303x8.o(.text)
    BusFault_Handler                         0x0800033f   Thumb Code     2  startup_stm32f303x8.o(.text)
    UsageFault_Handler                       0x08000341   Thumb Code     2  startup_stm32f303x8.o(.text)
    SVC_Handler                              0x08000343   Thumb Code     2  startup_stm32f303x8.o(.text)
    DebugMon_Handler                         0x08000345   Thumb Code     2  startup_stm32f303x8.o(.text)
    PendSV_Handler                           0x08000347   Thumb Code     2  startup_stm32f303x8.o(.text)
    ADC1_2_IRQHandler                        0x0800034b   Thumb Code     0  startup_stm32f303x8.o(.text)
    CAN_RX0_IRQHandler                       0x0800034b   Thumb Code     0  startup_stm32f303x8.o(.text)
    CAN_RX1_IRQHandler                       0x0800034b   Thumb Code     0  startup_stm32f303x8.o(.text)
    CAN_SCE_IRQHandler                       0x0800034b   Thumb Code     0  startup_stm32f303x8.o(.text)
    CAN_TX_IRQHandler                        0x0800034b   Thumb Code     0  startup_stm32f303x8.o(.text)
    COMP2_IRQHandler                         0x0800034b   Thumb Code     0  startup_stm32f303x8.o(.text)
    COMP4_6_IRQHandler                       0x0800034b   Thumb Code     0  startup_stm32f303x8.o(.text)
    DMA1_Channel1_IRQHandler                 0x0800034b   Thumb Code     0  startup_stm32f303x8.o(.text)
    DMA1_Channel2_IRQHandler                 0x0800034b   Thumb Code     0  startup_stm32f303x8.o(.text)
    DMA1_Channel3_IRQHandler                 0x0800034b   Thumb Code     0  startup_stm32f303x8.o(.text)
    DMA1_Channel4_IRQHandler                 0x0800034b   Thumb Code     0  startup_stm32f303x8.o(.text)
    DMA1_Channel5_IRQHandler                 0x0800034b   Thumb Code     0  startup_stm32f303x8.o(.text)
    DMA1_Channel6_IRQHandler                 0x0800034b   Thumb Code     0  startup_stm32f303x8.o(.text)
    DMA1_Channel7_IRQHandler                 0x0800034b   Thumb Code     0  startup_stm32f303x8.o(.text)
    EXTI0_IRQHandler                         0x0800034b   Thumb Code     0  startup_stm32f303x8.o(.text)
    EXTI15_10_IRQHandler                     0x0800034b   Thumb Code     0  startup_stm32f303x8.o(.text)
    EXTI1_IRQHandler                         0x0800034b   Thumb Code     0  startup_stm32f303x8.o(.text)
    EXTI2_TSC_IRQHandler                     0x0800034b   Thumb Code     0  startup_stm32f303x8.o(.text)
    EXTI3_IRQHandler                         0x0800034b   Thumb Code     0  startup_stm32f303x8.o(.text)
    EXTI4_IRQHandler                         0x0800034b   Thumb Code     0  startup_stm32f303x8.o(.text)
    EXTI9_5_IRQHandler                       0x0800034b   Thumb Code     0  startup_stm32f303x8.o(.text)
    FLASH_IRQHandler                         0x0800034b   Thumb Code     0  startup_stm32f303x8.o(.text)
    FPU_IRQHandler                           0x0800034b   Thumb Code     0  startup_stm32f303x8.o(.text)
    I2C1_ER_IRQHandler                       0x0800034b   Thumb Code     0  startup_stm32f303x8.o(.text)
    I2C1_EV_IRQHandler                       0x0800034b   Thumb Code     0  startup_stm32f303x8.o(.text)
    PVD_IRQHandler                           0x0800034b   Thumb Code     0  startup_stm32f303x8.o(.text)
    RCC_IRQHandler                           0x0800034b   Thumb Code     0  startup_stm32f303x8.o(.text)
    RTC_Alarm_IRQHandler                     0x0800034b   Thumb Code     0  startup_stm32f303x8.o(.text)
    RTC_WKUP_IRQHandler                      0x0800034b   Thumb Code     0  startup_stm32f303x8.o(.text)
    SPI1_IRQHandler                          0x0800034b   Thumb Code     0  startup_stm32f303x8.o(.text)
    TAMP_STAMP_IRQHandler                    0x0800034b   Thumb Code     0  startup_stm32f303x8.o(.text)
    TIM1_BRK_TIM15_IRQHandler                0x0800034b   Thumb Code     0  startup_stm32f303x8.o(.text)
    TIM1_CC_IRQHandler                       0x0800034b   Thumb Code     0  startup_stm32f303x8.o(.text)
    TIM1_TRG_COM_TIM17_IRQHandler            0x0800034b   Thumb Code     0  startup_stm32f303x8.o(.text)
    TIM1_UP_TIM16_IRQHandler                 0x0800034b   Thumb Code     0  startup_stm32f303x8.o(.text)
    TIM2_IRQHandler                          0x0800034b   Thumb Code     0  startup_stm32f303x8.o(.text)
    TIM3_IRQHandler                          0x0800034b   Thumb Code     0  startup_stm32f303x8.o(.text)
    TIM6_DAC1_IRQHandler                     0x0800034b   Thumb Code     0  startup_stm32f303x8.o(.text)
    TIM7_DAC2_IRQHandler                     0x0800034b   Thumb Code     0  startup_stm32f303x8.o(.text)
    USART1_IRQHandler                        0x0800034b   Thumb Code     0  startup_stm32f303x8.o(.text)
    USART3_IRQHandler                        0x0800034b   Thumb Code     0  startup_stm32f303x8.o(.text)
    WWDG_IRQHandler                          0x0800034b   Thumb Code     0  startup_stm32f303x8.o(.text)
    __user_initial_stackheap                 0x0800034d   Thumb Code     0  startup_stm32f303x8.o(.text)
    malloc                                   0x08000371   Thumb Code    94  h1_alloc.o(.text)
    free                                     0x080003cf   Thumb Code    78  h1_free.o(.text)
    __2sprintf                               0x0800041d   Thumb Code    34  noretval__2sprintf.o(.text)
    _printf_pre_padding                      0x08000445   Thumb Code    44  _printf_pad.o(.text)
    _printf_post_padding                     0x08000471   Thumb Code    34  _printf_pad.o(.text)
    _printf_str                              0x08000493   Thumb Code    82  _printf_str.o(.text)
    _printf_int_dec                          0x080004e5   Thumb Code   104  _printf_dec.o(.text)
    _printf_int_hex                          0x0800055d   Thumb Code    84  _printf_hex_int.o(.text)
    _printf_longlong_hex                     0x0800055d   Thumb Code     0  _printf_hex_int.o(.text)
    __printf                                 0x080005b5   Thumb Code   308  __printf_flags_wp.o(.text)
    __0sscanf                                0x080006ed   Thumb Code    52  __0sscanf.o(.text)
    _scanf_int                               0x08000729   Thumb Code   332  _scanf_int.o(.text)
    strtol                                   0x08000875   Thumb Code   112  strtol.o(.text)
    strtoul                                  0x080008e5   Thumb Code   114  strtoul.o(.text)
    strtok                                   0x08000959   Thumb Code     6  strtok.o(.text)
    strlen                                   0x08000965   Thumb Code    62  strlen.o(.text)
    __aeabi_memcpy                           0x080009a3   Thumb Code     0  rt_memcpy_v6.o(.text)
    __rt_memcpy                              0x080009a3   Thumb Code   138  rt_memcpy_v6.o(.text)
    _memcpy_lastbytes                        0x08000a09   Thumb Code     0  rt_memcpy_v6.o(.text)
    __aeabi_memset                           0x08000a2d   Thumb Code    16  aeabi_memset.o(.text)
    __aeabi_memclr4                          0x08000a3d   Thumb Code     0  rt_memclr_w.o(.text)
    __aeabi_memclr8                          0x08000a3d   Thumb Code     0  rt_memclr_w.o(.text)
    __rt_memclr_w                            0x08000a3d   Thumb Code     0  rt_memclr_w.o(.text)
    _memset_w                                0x08000a41   Thumb Code    74  rt_memclr_w.o(.text)
    strcmp                                   0x08000a91   Thumb Code   124  strcmpv7em.o(.text)
    __use_two_region_memory                  0x08000b0d   Thumb Code     2  heapauxi.o(.text)
    __rt_heap_escrow                         0x08000b0f   Thumb Code     2  heapauxi.o(.text)
    __rt_heap_expand                         0x08000b11   Thumb Code     2  heapauxi.o(.text)
    __rt_ctype_table                         0x08000b15   Thumb Code    16  rt_ctype_table.o(.text)
    __rt_heap_descriptor                     0x08000b25   Thumb Code     8  rt_heap_descriptor_intlibspace.o(.text)
    __aeabi_errno_addr                       0x08000b2d   Thumb Code     8  rt_errno_addr_intlibspace.o(.text)
    __errno$intlibspace                      0x08000b2d   Thumb Code     0  rt_errno_addr_intlibspace.o(.text)
    __rt_errno_addr$intlibspace              0x08000b2d   Thumb Code     0  rt_errno_addr_intlibspace.o(.text)
    __use_no_heap                            0x08000b35   Thumb Code     2  hguard.o(.text)
    __heap$guard                             0x08000b37   Thumb Code     2  hguard.o(.text)
    _terminate_user_alloc                    0x08000b39   Thumb Code     2  init_alloc.o(.text)
    _init_user_alloc                         0x08000b3b   Thumb Code     2  init_alloc.o(.text)
    __Heap_Full                              0x08000b3d   Thumb Code    34  init_alloc.o(.text)
    __Heap_Broken                            0x08000b5f   Thumb Code     6  init_alloc.o(.text)
    _init_alloc                              0x08000b65   Thumb Code    94  init_alloc.o(.text)
    __Heap_Initialize                        0x08000bc3   Thumb Code    10  h1_init.o(.text)
    __Heap_DescSize                          0x08000bcd   Thumb Code     4  h1_init.o(.text)
    __read_errno                             0x08000bd1   Thumb Code    10  _rserrno.o(.text)
    __set_errno                              0x08000bdb   Thumb Code    12  _rserrno.o(.text)
    _printf_int_common                       0x08000be7   Thumb Code   178  _printf_intcommon.o(.text)
    _printf_char_common                      0x08000ca3   Thumb Code    32  _printf_char_common.o(.text)
    _sputc                                   0x08000cc9   Thumb Code    10  _sputc.o(.text)
    _printf_cs_common                        0x08000cd3   Thumb Code    20  _printf_char.o(.text)
    _printf_char                             0x08000ce7   Thumb Code    16  _printf_char.o(.text)
    _printf_string                           0x08000cf7   Thumb Code     8  _printf_char.o(.text)
    _chval                                   0x08000cff   Thumb Code    28  _chval.o(.text)
    __vfscanf_char                           0x08000d29   Thumb Code    24  scanf_char.o(.text)
    _sgetc                                   0x08000d49   Thumb Code    30  _sgetc.o(.text)
    _sbackspace                              0x08000d67   Thumb Code    34  _sgetc.o(.text)
    _strtoul                                 0x08000d89   Thumb Code   158  _strtoul.o(.text)
    __strtok_internal                        0x08000e29   Thumb Code    64  strtok_int.o(.text)
    __aeabi_memcpy4                          0x08000e6d   Thumb Code     0  rt_memcpy_w.o(.text)
    __aeabi_memcpy8                          0x08000e6d   Thumb Code     0  rt_memcpy_w.o(.text)
    __rt_memcpy_w                            0x08000e6d   Thumb Code   100  rt_memcpy_w.o(.text)
    _memcpy_lastbytes_aligned                0x08000eb5   Thumb Code     0  rt_memcpy_w.o(.text)
    __aeabi_memclr                           0x08000ed1   Thumb Code     0  rt_memclr.o(.text)
    __rt_memclr                              0x08000ed1   Thumb Code     0  rt_memclr.o(.text)
    _memset                                  0x08000ed5   Thumb Code    64  rt_memclr.o(.text)
    __user_libspace                          0x08000f15   Thumb Code     8  libspace.o(.text)
    __user_perproc_libspace                  0x08000f15   Thumb Code     0  libspace.o(.text)
    __user_perthread_libspace                0x08000f15   Thumb Code     0  libspace.o(.text)
    __rt_locale                              0x08000f1d   Thumb Code     8  rt_locale_intlibspace.o(.text)
    __Heap_ProvideMemory                     0x08000f25   Thumb Code    52  h1_extend.o(.text)
    _maybe_terminate_alloc                   0x08000f25   Thumb Code     0  maybetermalloc1.o(.text)
    isspace                                  0x08000f59   Thumb Code    18  isspace.o(.text)
    __vfscanf                                0x08000f6d   Thumb Code   878  _scanf.o(.text)
    __rt_SIGRTMEM                            0x080012e1   Thumb Code    14  defsig_rtmem_outer.o(.text)
    strcspn                                  0x080012ef   Thumb Code    32  strcspn.o(.text)
    strspn                                   0x0800130f   Thumb Code    28  strspn.o(.text)
    __I$use$semihosting                      0x0800132b   Thumb Code     0  use_no_semi.o(.text)
    __use_no_semihosting_swi                 0x0800132b   Thumb Code     2  use_no_semi.o(.text)
    __semihosting_library_function           0x0800132d   Thumb Code     0  indicate_semi.o(.text)
    __user_setup_stackheap                   0x0800132d   Thumb Code    74  sys_stackheap_outer.o(.text)
    exit                                     0x08001377   Thumb Code    18  exit.o(.text)
    __sig_exit                               0x08001389   Thumb Code    10  defsig_exit.o(.text)
    __rt_SIGRTMEM_inner                      0x08001395   Thumb Code    22  defsig_rtmem_inner.o(.text)
    _sys_exit                                0x080013e5   Thumb Code     8  sys_exit.o(.text)
    __default_signal_display                 0x080013f1   Thumb Code    50  defsig_general.o(.text)
    _ttywrch                                 0x08001423   Thumb Code    14  sys_wrch.o(.text)
    SysTick_Handler                          0x08001431   Thumb Code   740  main.o(.text.SysTick_Handler)
    SystemInit                               0x08001745   Thumb Code    18  system_stm32f3xx.o(.text.SystemInit)
    USART2_IRQHandler                        0x08001759   Thumb Code   672  main.o(.text.USART2_IRQHandler)
    blockFill                                0x08001a35   Thumb Code   316  main.o(.text.blockFill)
    callCommand                              0x08001b75   Thumb Code   224  main.o(.text.callCommand)
    main                                     0x08001c79   Thumb Code   366  main.o(.text.main)
    memoryDisplay                            0x08001de9   Thumb Code   556  main.o(.text.memoryDisplay)
    memoryModify                             0x08002049   Thumb Code   288  main.o(.text.memoryModify)
    registerDisplay                          0x0800216d   Thumb Code   240  main.o(.text.registerDisplay)
    registerModify                           0x0800226d   Thumb Code   544  main.o(.text.registerModify)
    runCommand                               0x080024d1   Thumb Code   224  main.o(.text.runCommand)
    segmentOut                               0x080025d1   Thumb Code   616  main.o(.text.segmentOut)
    __hardfp_log                             0x08002889   Thumb Code   872  log.o(i.__hardfp_log)
    __hardfp_log10                           0x08002c51   Thumb Code   260  log10.o(i.__hardfp_log10)
    __kernel_poly                            0x08002d81   Thumb Code   248  poly.o(i.__kernel_poly)
    __mathlib_dbl_divzero                    0x08002e79   Thumb Code    28  dunder.o(i.__mathlib_dbl_divzero)
    __mathlib_dbl_infnan                     0x08002ea9   Thumb Code    20  dunder.o(i.__mathlib_dbl_infnan)
    __mathlib_dbl_invalid                    0x08002ec1   Thumb Code    24  dunder.o(i.__mathlib_dbl_invalid)
    _is_digit                                0x08002ee1   Thumb Code    14  __printf_wp.o(i._is_digit)
    log                                      0x08002eef   Thumb Code    16  log.o(i.log)
    _get_lc_ctype                            0x08002f01   Thumb Code    44  lc_ctype_c.o(locale$$code)
    __aeabi_dneg                             0x08002f2d   Thumb Code     0  basic.o(x$fpl$basic)
    _dneg                                    0x08002f2d   Thumb Code     6  basic.o(x$fpl$basic)
    __aeabi_fneg                             0x08002f33   Thumb Code     0  basic.o(x$fpl$basic)
    _fneg                                    0x08002f33   Thumb Code     6  basic.o(x$fpl$basic)
    _dabs                                    0x08002f39   Thumb Code     6  basic.o(x$fpl$basic)
    _fabs                                    0x08002f3f   Thumb Code     6  basic.o(x$fpl$basic)
    __aeabi_dadd                             0x08002f45   Thumb Code     0  daddsub_clz.o(x$fpl$dadd)
    _dadd                                    0x08002f45   Thumb Code   332  daddsub_clz.o(x$fpl$dadd)
    __fpl_dcmp_Inf                           0x08003095   Thumb Code    24  dcmpi.o(x$fpl$dcmpinf)
    __aeabi_ddiv                             0x080030ad   Thumb Code     0  ddiv.o(x$fpl$ddiv)
    _ddiv                                    0x080030ad   Thumb Code   556  ddiv.o(x$fpl$ddiv)
    __aeabi_cdcmpeq                          0x08003361   Thumb Code     0  deqf.o(x$fpl$deqf)
    _dcmpeq                                  0x08003361   Thumb Code   120  deqf.o(x$fpl$deqf)
    __aeabi_d2iz                             0x080033d9   Thumb Code     0  dfix.o(x$fpl$dfix)
    _dfix                                    0x080033d9   Thumb Code    94  dfix.o(x$fpl$dfix)
    __aeabi_i2d                              0x08003437   Thumb Code     0  dflt_clz.o(x$fpl$dflt)
    _dflt                                    0x08003437   Thumb Code    46  dflt_clz.o(x$fpl$dflt)
    __aeabi_dmul                             0x08003465   Thumb Code     0  dmul.o(x$fpl$dmul)
    _dmul                                    0x08003465   Thumb Code   332  dmul.o(x$fpl$dmul)
    __fpl_dnaninf                            0x080035b9   Thumb Code   156  dnaninf.o(x$fpl$dnaninf)
    __fpl_dretinf                            0x08003655   Thumb Code    12  dretinf.o(x$fpl$dretinf)
    __aeabi_drsub                            0x08003661   Thumb Code     0  daddsub_clz.o(x$fpl$drsb)
    _drsb                                    0x08003661   Thumb Code    22  daddsub_clz.o(x$fpl$drsb)
    __aeabi_dsub                             0x08003679   Thumb Code     0  daddsub_clz.o(x$fpl$dsub)
    _dsub                                    0x08003679   Thumb Code   472  daddsub_clz.o(x$fpl$dsub)
    _fp_init                                 0x08003855   Thumb Code    26  fpinit.o(x$fpl$fpinit)
    __fplib_config_fpu_vfp                   0x0800386d   Thumb Code     0  fpinit.o(x$fpl$fpinit)
    __fplib_config_pureend_doubles           0x0800386d   Thumb Code     0  fpinit.o(x$fpl$fpinit)
    __I$use$fp                               0x0800386e   Number         0  usenofp.o(x$fpl$usenofp)
    __mathlib_zero                           0x080038e0   Data           8  qnan.o(.constdata)
    Region$$Table$$Base                      0x08003ce0   Number         0  anon$$obj.o(Region$$Table)
    Region$$Table$$Limit                     0x08003d00   Number         0  anon$$obj.o(Region$$Table)
    __ctype                                  0x08003d0d   Data           0  lc_ctype_c.o(locale$$data)
    SystemCoreClock                          0x20000004   Data           4  system_stm32f3xx.o(.data.SystemCoreClock)
    args                                     0x20000008   Data          16  main.o(.data.args)
    decimalNumber                            0x20000018   Data           4  main.o(.data.decimalNumber)
    intNumber                                0x2000001c   Data           4  main.o(.data.intNumber)
    __libspace_start                         0x20000020   Data          96  libspace.o(.bss)
    __temporary_stack_top$libspace           0x20000080   Data           0  libspace.o(.bss)
    address_mm                               0x20000080   Data           4  main.o(.bss.address_mm)
    arguments_iterator                       0x20000084   Data           4  main.o(.bss.arguments_iterator)
    arr_display_memory                       0x20000088   Data          64  main.o(.bss.arr_display_memory)
    buffer                                   0x200000d4   Data          64  main.o(.bss.buffer)
    character                                0x20000114   Data           4  main.o(.bss.character)
    characters_iterator                      0x20000118   Data           4  main.o(.bss.characters_iterator)
    command                                  0x2000011c   Data          64  main.o(.bss.command)
    data                                     0x2000015c   Data           1  main.o(.bss.data)
    data_mm                                  0x20000160   Data           4  main.o(.bss.data_mm)
    decimalNumberINT                         0x20000164   Data           4  main.o(.bss.decimalNumberINT)
    decimalNumberi                           0x20000168   Data           4  main.o(.bss.decimalNumberi)
    digitN                                   0x2000016c   Data           4  main.o(.bss.digitN)
    display_memory                           0x20000170   Data           4  main.o(.bss.display_memory)
    end_memory_display                       0x20000178   Data           4  main.o(.bss.end_memory_display)
    error_flag                               0x20000180   Data           1  main.o(.bss.error_flag)
    instruction                              0x20000184   Data           4  main.o(.bss.instruction)
    intNumberINT                             0x20000188   Data           4  main.o(.bss.intNumberINT)
    intNumberi                               0x2000018c   Data           4  main.o(.bss.intNumberi)
    memory_call_address                      0x2000019c   Data           4  main.o(.bss.memory_call_address)
    memory_run_address                       0x200001a0   Data           4  main.o(.bss.memory_run_address)
    register_content                         0x200001a4   Data           4  main.o(.bss.register_content)
    register_number                          0x200001a8   Data           4  main.o(.bss.register_number)
    return_ma                                0x200001e8   Data           4  main.o(.bss.return_ma)
    segmentFlag                              0x200001ec   Data           4  main.o(.bss.segmentFlag)
    size_bf                                  0x200001f0   Data           4  main.o(.bss.size_bf)
    size_memory                              0x200001f4   Data           4  main.o(.bss.size_memory)
    start_ma                                 0x200001fc   Data           4  main.o(.bss.start_ma)
    start_memory_display                     0x20000200   Data           4  main.o(.bss.start_memory_display)
    ticks                                    0x20000204   Data           1  main.o(.bss.ticks)
    token                                    0x20000208   Data           4  main.o(.bss.token)



==============================================================================

Memory Map of the image

  Image Entry point : 0x08000331

  Load Region LR_1 (Base: 0x08000000, Size: 0x00003e30, Max: 0xffffffff, ABSOLUTE)

    Execution Region ER_RO (Exec base: 0x08000000, Load base: 0x08000000, Size: 0x00003e10, Max: 0xffffffff, ABSOLUTE)

    Exec Addr    Load Addr    Size         Type   Attr      Idx    E Section Name        Object

    0x08000000   0x08000000   0x00000188   Data   RO          116    RESET               startup_stm32f303x8.o
    0x08000188   0x08000188   0x00000008   Code   RO          280  * !!!main             c_w.l(__main.o)
    0x08000190   0x08000190   0x00000034   Code   RO          600    !!!scatter          c_w.l(__scatter.o)
    0x080001c4   0x080001c4   0x0000001a   Code   RO          602    !!handler_copy      c_w.l(__scatter_copy.o)
    0x080001de   0x080001de   0x00000002   PAD
    0x080001e0   0x080001e0   0x0000001c   Code   RO          604    !!handler_zi        c_w.l(__scatter_zi.o)
    0x080001fc   0x080001fc   0x00000000   Code   RO          256    .ARM.Collect$$_printf_percent$$00000000  c_w.l(_printf_percent.o)
    0x080001fc   0x080001fc   0x00000006   Code   RO          255    .ARM.Collect$$_printf_percent$$00000009  c_w.l(_printf_d.o)
    0x08000202   0x08000202   0x00000006   Code   RO          254    .ARM.Collect$$_printf_percent$$0000000C  c_w.l(_printf_x.o)
    0x08000208   0x08000208   0x00000006   Code   RO          253    .ARM.Collect$$_printf_percent$$00000014  c_w.l(_printf_s.o)
    0x0800020e   0x0800020e   0x00000004   Code   RO          341    .ARM.Collect$$_printf_percent$$00000017  c_w.l(_printf_percent_end.o)
    0x08000212   0x08000212   0x00000002   Code   RO          533    .ARM.Collect$$libinit$$00000000  c_w.l(libinit.o)
    0x08000214   0x08000214   0x00000004   Code   RO          358    .ARM.Collect$$libinit$$00000001  c_w.l(libinit2.o)
    0x08000218   0x08000218   0x00000000   Code   RO          361    .ARM.Collect$$libinit$$00000004  c_w.l(libinit2.o)
    0x08000218   0x08000218   0x00000000   Code   RO          363    .ARM.Collect$$libinit$$00000006  c_w.l(libinit2.o)
    0x08000218   0x08000218   0x00000008   Code   RO          364    .ARM.Collect$$libinit$$00000007  c_w.l(libinit2.o)
    0x08000220   0x08000220   0x00000000   Code   RO          366    .ARM.Collect$$libinit$$0000000C  c_w.l(libinit2.o)
    0x08000220   0x08000220   0x00000000   Code   RO          368    .ARM.Collect$$libinit$$0000000E  c_w.l(libinit2.o)
    0x08000220   0x08000220   0x00000000   Code   RO          370    .ARM.Collect$$libinit$$00000010  c_w.l(libinit2.o)
    0x08000220   0x08000220   0x00000006   Code   RO          371    .ARM.Collect$$libinit$$00000011  c_w.l(libinit2.o)
    0x08000226   0x08000226   0x00000000   Code   RO          373    .ARM.Collect$$libinit$$00000013  c_w.l(libinit2.o)
    0x08000226   0x08000226   0x0000000c   Code   RO          374    .ARM.Collect$$libinit$$00000014  c_w.l(libinit2.o)
    0x08000232   0x08000232   0x00000000   Code   RO          375    .ARM.Collect$$libinit$$00000015  c_w.l(libinit2.o)
    0x08000232   0x08000232   0x00000000   Code   RO          377    .ARM.Collect$$libinit$$00000017  c_w.l(libinit2.o)
    0x08000232   0x08000232   0x00000000   Code   RO          379    .ARM.Collect$$libinit$$00000019  c_w.l(libinit2.o)
    0x08000232   0x08000232   0x00000000   Code   RO          381    .ARM.Collect$$libinit$$0000001B  c_w.l(libinit2.o)
    0x08000232   0x08000232   0x00000000   Code   RO          383    .ARM.Collect$$libinit$$0000001D  c_w.l(libinit2.o)
    0x08000232   0x08000232   0x00000000   Code   RO          385    .ARM.Collect$$libinit$$0000001F  c_w.l(libinit2.o)
    0x08000232   0x08000232   0x00000000   Code   RO          387    .ARM.Collect$$libinit$$00000021  c_w.l(libinit2.o)
    0x08000232   0x08000232   0x00000000   Code   RO          389    .ARM.Collect$$libinit$$00000023  c_w.l(libinit2.o)
    0x08000232   0x08000232   0x00000000   Code   RO          391    .ARM.Collect$$libinit$$00000025  c_w.l(libinit2.o)
    0x08000232   0x08000232   0x00000000   Code   RO          393    .ARM.Collect$$libinit$$00000027  c_w.l(libinit2.o)
    0x08000232   0x08000232   0x00000000   Code   RO          397    .ARM.Collect$$libinit$$0000002E  c_w.l(libinit2.o)
    0x08000232   0x08000232   0x00000000   Code   RO          399    .ARM.Collect$$libinit$$00000030  c_w.l(libinit2.o)
    0x08000232   0x08000232   0x00000000   Code   RO          401    .ARM.Collect$$libinit$$00000032  c_w.l(libinit2.o)
    0x08000232   0x08000232   0x00000000   Code   RO          403    .ARM.Collect$$libinit$$00000034  c_w.l(libinit2.o)
    0x08000232   0x08000232   0x00000002   Code   RO          404    .ARM.Collect$$libinit$$00000035  c_w.l(libinit2.o)
    0x08000234   0x08000234   0x00000002   Code   RO          597    .ARM.Collect$$libshutdown$$00000000  c_w.l(libshutdown.o)
    0x08000236   0x08000236   0x00000000   Code   RO          551    .ARM.Collect$$libshutdown$$00000002  c_w.l(libshutdown2.o)
    0x08000236   0x08000236   0x00000000   Code   RO          553    .ARM.Collect$$libshutdown$$00000004  c_w.l(libshutdown2.o)
    0x08000236   0x08000236   0x00000000   Code   RO          556    .ARM.Collect$$libshutdown$$00000007  c_w.l(libshutdown2.o)
    0x08000236   0x08000236   0x00000000   Code   RO          559    .ARM.Collect$$libshutdown$$0000000A  c_w.l(libshutdown2.o)
    0x08000236   0x08000236   0x00000000   Code   RO          561    .ARM.Collect$$libshutdown$$0000000C  c_w.l(libshutdown2.o)
    0x08000236   0x08000236   0x00000000   Code   RO          564    .ARM.Collect$$libshutdown$$0000000F  c_w.l(libshutdown2.o)
    0x08000236   0x08000236   0x00000002   Code   RO          565    .ARM.Collect$$libshutdown$$00000010  c_w.l(libshutdown2.o)
    0x08000238   0x08000238   0x00000000   Code   RO          300    .ARM.Collect$$rtentry$$00000000  c_w.l(__rtentry.o)
    0x08000238   0x08000238   0x00000000   Code   RO          447    .ARM.Collect$$rtentry$$00000002  c_w.l(__rtentry2.o)
    0x08000238   0x08000238   0x00000006   Code   RO          459    .ARM.Collect$$rtentry$$00000004  c_w.l(__rtentry4.o)
    0x0800023e   0x0800023e   0x00000000   Code   RO          449    .ARM.Collect$$rtentry$$00000009  c_w.l(__rtentry2.o)
    0x0800023e   0x0800023e   0x00000004   Code   RO          450    .ARM.Collect$$rtentry$$0000000A  c_w.l(__rtentry2.o)
    0x08000242   0x08000242   0x00000000   Code   RO          452    .ARM.Collect$$rtentry$$0000000C  c_w.l(__rtentry2.o)
    0x08000242   0x08000242   0x00000008   Code   RO          453    .ARM.Collect$$rtentry$$0000000D  c_w.l(__rtentry2.o)
    0x0800024a   0x0800024a   0x00000002   Code   RO          540    .ARM.Collect$$rtexit$$00000000  c_w.l(rtexit.o)
    0x0800024c   0x0800024c   0x00000000   Code   RO          571    .ARM.Collect$$rtexit$$00000002  c_w.l(rtexit2.o)
    0x0800024c   0x0800024c   0x00000004   Code   RO          572    .ARM.Collect$$rtexit$$00000003  c_w.l(rtexit2.o)
    0x08000250   0x08000250   0x00000006   Code   RO          573    .ARM.Collect$$rtexit$$00000004  c_w.l(rtexit2.o)
    0x08000256   0x08000256   0x00000002   PAD
    0x08000258   0x08000258   0x0000008e   Code   RO           97    .text               assemblerfunctions.o
    0x080002e6   0x080002e6   0x00000002   PAD
    0x080002e8   0x080002e8   0x00000018   Code   RO          102    .text               memory_display.o
    0x08000300   0x08000300   0x00000018   Code   RO          105    .text               memory_modify.o
    0x08000318   0x08000318   0x0000000a   Code   RO          108    .text               call.o
    0x08000322   0x08000322   0x00000002   PAD
    0x08000324   0x08000324   0x0000000a   Code   RO          111    .text               run.o
    0x0800032e   0x0800032e   0x00000002   PAD
    0x08000330   0x08000330   0x00000040   Code   RO          117  * .text               startup_stm32f303x8.o
    0x08000370   0x08000370   0x0000005e   Code   RO          142    .text               c_w.l(h1_alloc.o)
    0x080003ce   0x080003ce   0x0000004e   Code   RO          144    .text               c_w.l(h1_free.o)
    0x0800041c   0x0800041c   0x00000028   Code   RO          202    .text               c_w.l(noretval__2sprintf.o)
    0x08000444   0x08000444   0x0000004e   Code   RO          206    .text               c_w.l(_printf_pad.o)
    0x08000492   0x08000492   0x00000052   Code   RO          208    .text               c_w.l(_printf_str.o)
    0x080004e4   0x080004e4   0x00000078   Code   RO          210    .text               c_w.l(_printf_dec.o)
    0x0800055c   0x0800055c   0x00000058   Code   RO          215    .text               c_w.l(_printf_hex_int.o)
    0x080005b4   0x080005b4   0x00000138   Code   RO          245    .text               c_w.l(__printf_flags_wp.o)
    0x080006ec   0x080006ec   0x0000003c   Code   RO          257    .text               c_w.l(__0sscanf.o)
    0x08000728   0x08000728   0x0000014c   Code   RO          259    .text               c_w.l(_scanf_int.o)
    0x08000874   0x08000874   0x00000070   Code   RO          261    .text               c_w.l(strtol.o)
    0x080008e4   0x080008e4   0x00000072   Code   RO          263    .text               c_w.l(strtoul.o)
    0x08000956   0x08000956   0x00000002   PAD
    0x08000958   0x08000958   0x0000000c   Code   RO          265    .text               c_w.l(strtok.o)
    0x08000964   0x08000964   0x0000003e   Code   RO          268    .text               c_w.l(strlen.o)
    0x080009a2   0x080009a2   0x0000008a   Code   RO          270    .text               c_w.l(rt_memcpy_v6.o)
    0x08000a2c   0x08000a2c   0x00000010   Code   RO          272    .text               c_w.l(aeabi_memset.o)
    0x08000a3c   0x08000a3c   0x0000004e   Code   RO          274    .text               c_w.l(rt_memclr_w.o)
    0x08000a8a   0x08000a8a   0x00000006   PAD
    0x08000a90   0x08000a90   0x0000007c   Code   RO          276    .text               c_w.l(strcmpv7em.o)
    0x08000b0c   0x08000b0c   0x00000006   Code   RO          278    .text               c_w.l(heapauxi.o)
    0x08000b12   0x08000b12   0x00000002   PAD
    0x08000b14   0x08000b14   0x00000010   Code   RO          301    .text               c_w.l(rt_ctype_table.o)
    0x08000b24   0x08000b24   0x00000008   Code   RO          306    .text               c_w.l(rt_heap_descriptor_intlibspace.o)
    0x08000b2c   0x08000b2c   0x00000008   Code   RO          311    .text               c_w.l(rt_errno_addr_intlibspace.o)
    0x08000b34   0x08000b34   0x00000004   Code   RO          313    .text               c_w.l(hguard.o)
    0x08000b38   0x08000b38   0x0000008a   Code   RO          315    .text               c_w.l(init_alloc.o)
    0x08000bc2   0x08000bc2   0x0000000e   Code   RO          319    .text               c_w.l(h1_init.o)
    0x08000bd0   0x08000bd0   0x00000016   Code   RO          331    .text               c_w.l(_rserrno.o)
    0x08000be6   0x08000be6   0x000000b2   Code   RO          333    .text               c_w.l(_printf_intcommon.o)
    0x08000c98   0x08000c98   0x00000030   Code   RO          335    .text               c_w.l(_printf_char_common.o)
    0x08000cc8   0x08000cc8   0x0000000a   Code   RO          337    .text               c_w.l(_sputc.o)
    0x08000cd2   0x08000cd2   0x0000002c   Code   RO          339    .text               c_w.l(_printf_char.o)
    0x08000cfe   0x08000cfe   0x0000001c   Code   RO          342    .text               c_w.l(_chval.o)
    0x08000d1a   0x08000d1a   0x00000002   PAD
    0x08000d1c   0x08000d1c   0x0000002c   Code   RO          344    .text               c_w.l(scanf_char.o)
    0x08000d48   0x08000d48   0x00000040   Code   RO          346    .text               c_w.l(_sgetc.o)
    0x08000d88   0x08000d88   0x0000009e   Code   RO          348    .text               c_w.l(_strtoul.o)
    0x08000e26   0x08000e26   0x00000002   PAD
    0x08000e28   0x08000e28   0x00000044   Code   RO          350    .text               c_w.l(strtok_int.o)
    0x08000e6c   0x08000e6c   0x00000064   Code   RO          352    .text               c_w.l(rt_memcpy_w.o)
    0x08000ed0   0x08000ed0   0x00000044   Code   RO          354    .text               c_w.l(rt_memclr.o)
    0x08000f14   0x08000f14   0x00000008   Code   RO          443    .text               c_w.l(libspace.o)
    0x08000f1c   0x08000f1c   0x00000008   Code   RO          464    .text               c_w.l(rt_locale_intlibspace.o)
    0x08000f24   0x08000f24   0x00000000   Code   RO          468    .text               c_w.l(maybetermalloc1.o)
    0x08000f24   0x08000f24   0x00000034   Code   RO          470    .text               c_w.l(h1_extend.o)
    0x08000f58   0x08000f58   0x00000012   Code   RO          474    .text               c_w.l(isspace.o)
    0x08000f6a   0x08000f6a   0x00000002   PAD
    0x08000f6c   0x08000f6c   0x00000374   Code   RO          478    .text               c_w.l(_scanf.o)
    0x080012e0   0x080012e0   0x0000000e   Code   RO          483    .text               c_w.l(defsig_rtmem_outer.o)
    0x080012ee   0x080012ee   0x00000020   Code   RO          487    .text               c_w.l(strcspn.o)
    0x0800130e   0x0800130e   0x0000001c   Code   RO          489    .text               c_w.l(strspn.o)
    0x0800132a   0x0800132a   0x00000002   Code   RO          509    .text               c_w.l(use_no_semi.o)
    0x0800132c   0x0800132c   0x00000000   Code   RO          511    .text               c_w.l(indicate_semi.o)
    0x0800132c   0x0800132c   0x0000004a   Code   RO          512    .text               c_w.l(sys_stackheap_outer.o)
    0x08001376   0x08001376   0x00000012   Code   RO          518    .text               c_w.l(exit.o)
    0x08001388   0x08001388   0x0000000a   Code   RO          520    .text               c_w.l(defsig_exit.o)
    0x08001392   0x08001392   0x00000002   PAD
    0x08001394   0x08001394   0x00000050   Code   RO          522    .text               c_w.l(defsig_rtmem_inner.o)
    0x080013e4   0x080013e4   0x0000000c   Code   RO          536    .text               c_w.l(sys_exit.o)
    0x080013f0   0x080013f0   0x00000032   Code   RO          548    .text               c_w.l(defsig_general.o)
    0x08001422   0x08001422   0x0000000e   Code   RO          566    .text               c_w.l(sys_wrch.o)
    0x08001430   0x08001430   0x00000314   Code   RO           32    .text.SysTick_Handler  main.o
    0x08001744   0x08001744   0x00000012   Code   RO          122    .text.SystemInit    system_stm32f3xx.o
    0x08001756   0x08001756   0x00000002   PAD
    0x08001758   0x08001758   0x000002dc   Code   RO            8    .text.USART2_IRQHandler  main.o
    0x08001a34   0x08001a34   0x00000140   Code   RO           20    .text.blockFill     main.o
    0x08001b74   0x08001b74   0x00000104   Code   RO           24    .text.callCommand   main.o
    0x08001c78   0x08001c78   0x0000016e   Code   RO            2    .text.main          main.o
    0x08001de6   0x08001de6   0x00000002   PAD
    0x08001de8   0x08001de8   0x00000260   Code   RO           16    .text.memoryDisplay  main.o
    0x08002048   0x08002048   0x00000124   Code   RO           18    .text.memoryModify  main.o
    0x0800216c   0x0800216c   0x00000100   Code   RO           12    .text.registerDisplay  main.o
    0x0800226c   0x0800226c   0x00000264   Code   RO           14    .text.registerModify  main.o
    0x080024d0   0x080024d0   0x00000100   Code   RO           22    .text.runCommand    main.o
    0x080025d0   0x080025d0   0x000002b8   Code   RO           40    .text.segmentOut    main.o
    0x08002888   0x08002888   0x000003c4   Code   RO          432    i.__hardfp_log      m_wm.l(log.o)
    0x08002c4c   0x08002c4c   0x00000004   PAD
    0x08002c50   0x08002c50   0x00000130   Code   RO          292    i.__hardfp_log10    m_wm.l(log10.o)
    0x08002d80   0x08002d80   0x000000f8   Code   RO          506    i.__kernel_poly     m_wm.l(poly.o)
    0x08002e78   0x08002e78   0x00000030   Code   RO          418    i.__mathlib_dbl_divzero  m_wm.l(dunder.o)
    0x08002ea8   0x08002ea8   0x00000014   Code   RO          419    i.__mathlib_dbl_infnan  m_wm.l(dunder.o)
    0x08002ebc   0x08002ebc   0x00000004   PAD
    0x08002ec0   0x08002ec0   0x00000020   Code   RO          421    i.__mathlib_dbl_invalid  m_wm.l(dunder.o)
    0x08002ee0   0x08002ee0   0x0000000e   Code   RO          243    i._is_digit         c_w.l(__printf_wp.o)
    0x08002eee   0x08002eee   0x00000010   Code   RO          434    i.log               m_wm.l(log.o)
    0x08002efe   0x08002efe   0x00000002   PAD
    0x08002f00   0x08002f00   0x0000002c   Code   RO          481    locale$$code        c_w.l(lc_ctype_c.o)
    0x08002f2c   0x08002f2c   0x00000018   Code   RO          405    x$fpl$basic         fz_wm.l(basic.o)
    0x08002f44   0x08002f44   0x00000150   Code   RO          407    x$fpl$dadd          fz_wm.l(daddsub_clz.o)
    0x08003094   0x08003094   0x00000018   Code   RO          534    x$fpl$dcmpinf       fz_wm.l(dcmpi.o)
    0x080030ac   0x080030ac   0x000002b4   Code   RO          497    x$fpl$ddiv          fz_wm.l(ddiv.o)
    0x08003360   0x08003360   0x00000078   Code   RO          500    x$fpl$deqf          fz_wm.l(deqf.o)
    0x080033d8   0x080033d8   0x0000005e   Code   RO          282    x$fpl$dfix          fz_wm.l(dfix.o)
    0x08003436   0x08003436   0x0000002e   Code   RO          287    x$fpl$dflt          fz_wm.l(dflt_clz.o)
    0x08003464   0x08003464   0x00000154   Code   RO          413    x$fpl$dmul          fz_wm.l(dmul.o)
    0x080035b8   0x080035b8   0x0000009c   Code   RO          415    x$fpl$dnaninf       fz_wm.l(dnaninf.o)
    0x08003654   0x08003654   0x0000000c   Code   RO          502    x$fpl$dretinf       fz_wm.l(dretinf.o)
    0x08003660   0x08003660   0x00000016   Code   RO          408    x$fpl$drsb          fz_wm.l(daddsub_clz.o)
    0x08003676   0x08003676   0x00000002   PAD
    0x08003678   0x08003678   0x000001dc   Code   RO          409    x$fpl$dsub          fz_wm.l(daddsub_clz.o)
    0x08003854   0x08003854   0x0000001a   Code   RO          504    x$fpl$fpinit        fz_wm.l(fpinit.o)
    0x0800386e   0x0800386e   0x00000000   Code   RO          417    x$fpl$usenofp       fz_wm.l(usenofp.o)
    0x0800386e   0x0800386e   0x00000028   Data   RO          216    .constdata          c_w.l(_printf_hex_int.o)
    0x08003896   0x08003896   0x00000011   Data   RO          246    .constdata          c_w.l(__printf_flags_wp.o)
    0x080038a7   0x080038a7   0x00000001   PAD
    0x080038a8   0x080038a8   0x00000038   Data   RO          435    .constdata          m_wm.l(log.o)
    0x080038e0   0x080038e0   0x00000008   Data   RO          508    .constdata          m_wm.l(qnan.o)
    0x080038e8   0x080038e8   0x00000024   Data   RO           89    .rodata..Lswitch.table.SysTick_Handler.68  main.o
    0x0800390c   0x0800390c   0x000003d1   Data   RO           43    .rodata.str1.1      main.o
    0x08003cdd   0x08003cdd   0x00000003   PAD
    0x08003ce0   0x08003ce0   0x00000020   Data   RO          599    Region$$Table       anon$$obj.o
    0x08003d00   0x08003d00   0x00000110   Data   RO          480    locale$$data        c_w.l(lc_ctype_c.o)


    Execution Region ER_RW (Exec base: 0x20000000, Load base: 0x08003e10, Size: 0x00000020, Max: 0xffffffff, ABSOLUTE)

    Exec Addr    Load Addr    Size         Type   Attr      Idx    E Section Name        Object

    0x20000000   0x08003e10   0x00000004   Data   RW          266    .data               c_w.l(strtok.o)
    0x20000004   0x08003e14   0x00000004   Data   RW          126    .data.SystemCoreClock  system_stm32f3xx.o
    0x20000008   0x08003e18   0x00000010   Data   RW           44    .data.args          main.o
    0x20000018   0x08003e28   0x00000004   Data   RW           49    .data.decimalNumber  main.o
    0x2000001c   0x08003e2c   0x00000004   Data   RW           48    .data.intNumber     main.o


    Execution Region ER_ZI (Exec base: 0x20000020, Load base: 0x08003e30, Size: 0x000007f0, Max: 0xffffffff, ABSOLUTE)

    Exec Addr    Load Addr    Size         Type   Attr      Idx    E Section Name        Object

    0x20000020        -       0x00000060   Zero   RW          444    .bss                c_w.l(libspace.o)
    0x20000080        -       0x00000004   Zero   RW           77    .bss.address_mm     main.o
    0x20000084        -       0x00000004   Zero   RW           46    .bss.arguments_iterator  main.o
    0x20000088        -       0x00000040   Zero   RW           73    .bss.arr_display_memory  main.o
    0x200000c8        -       0x00000004   Zero   RW           83    .bss.bf_data        main.o
    0x200000cc        -       0x00000004   Zero   RW           82    .bss.bf_end         main.o
    0x200000d0        -       0x00000004   Zero   RW           81    .bss.bf_start       main.o
    0x200000d4        -       0x00000040   Zero   RW           64    .bss.buffer         main.o
    0x20000114        -       0x00000004   Zero   RW           60    .bss.character      main.o
    0x20000118        -       0x00000004   Zero   RW           45    .bss.characters_iterator  main.o
    0x2000011c        -       0x00000040   Zero   RW           59    .bss.command        main.o
    0x2000015c        -       0x00000001   Zero   RW           58    .bss.data           main.o
    0x2000015d   0x08003e30   0x00000003   PAD
    0x20000160        -       0x00000004   Zero   RW           78    .bss.data_mm        main.o
    0x20000164        -       0x00000004   Zero   RW           56    .bss.decimalNumberINT  main.o
    0x20000168        -       0x00000004   Zero   RW           54    .bss.decimalNumberi  main.o
    0x2000016c        -       0x00000004   Zero   RW           51    .bss.digitN         main.o
    0x20000170        -       0x00000004   Zero   RW           72    .bss.display_memory  main.o
    0x20000174        -       0x00000004   Zero   RW           69    .bss.end            main.o
    0x20000178        -       0x00000004   Zero   RW           71    .bss.end_memory_display  main.o
    0x2000017c        -       0x00000004   Zero   RW           66    .bss.endptr         main.o
    0x20000180        -       0x00000001   Zero   RW           42    .bss.error_flag     main.o
    0x20000181   0x08003e30   0x00000003   PAD
    0x20000184        -       0x00000004   Zero   RW           61    .bss.instruction    main.o
    0x20000188        -       0x00000004   Zero   RW           55    .bss.intNumberINT   main.o
    0x2000018c        -       0x00000004   Zero   RW           53    .bss.intNumberi     main.o
    0x20000190        -       0x00000004   Zero   RW           74    .bss.md_addr        main.o
    0x20000194        -       0x00000004   Zero   RW           75    .bss.md_data        main.o
    0x20000198        -       0x00000004   Zero   RW           76    .bss.md_size        main.o
    0x2000019c        -       0x00000004   Zero   RW           85    .bss.memory_call_address  main.o
    0x200001a0        -       0x00000004   Zero   RW           84    .bss.memory_run_address  main.o
    0x200001a4        -       0x00000004   Zero   RW           67    .bss.register_content  main.o
    0x200001a8        -       0x00000004   Zero   RW           65    .bss.register_number  main.o
    0x200001ac        -       0x0000003c   Zero   RW           63    .bss.registers      main.o
    0x200001e8        -       0x00000004   Zero   RW           80    .bss.return_ma      main.o
    0x200001ec        -       0x00000004   Zero   RW           52    .bss.segmentFlag    main.o
    0x200001f0        -       0x00000004   Zero   RW           57    .bss.size_bf        main.o
    0x200001f4        -       0x00000004   Zero   RW           47    .bss.size_memory    main.o
    0x200001f8        -       0x00000004   Zero   RW           68    .bss.start          main.o
    0x200001fc        -       0x00000004   Zero   RW           79    .bss.start_ma       main.o
    0x20000200        -       0x00000004   Zero   RW           70    .bss.start_memory_display  main.o
    0x20000204        -       0x00000001   Zero   RW           86    .bss.ticks          main.o
    0x20000205   0x08003e30   0x00000003   PAD
    0x20000208        -       0x00000004   Zero   RW           62    .bss.token          main.o
    0x2000020c   0x08003e30   0x00000004   PAD
    0x20000210        -       0x00000200   Zero   RW          115    HEAP                startup_stm32f303x8.o
    0x20000410        -       0x00000400   Zero   RW          114    STACK               startup_stm32f303x8.o


==============================================================================

Image component sizes


      Code (inc. data)   RO Data    RW Data    ZI Data      Debug   Object Name

       142          0          0          0          0        356   assemblerfunctions.o
        10          0          0          0          0        240   call.o
      5186        400       1013         24        387      18864   main.o
        24          0          0          0          0        268   memory_display.o
        24          8          0          0          0        260   memory_modify.o
        10          0          0          0          0        236   run.o
        64         26        392          0       1536        892   startup_stm32f303x8.o
        18          0          0          4          0       2382   system_stm32f3xx.o

    ----------------------------------------------------------------------
      5488        434       1440         28       1936      23498   Object Totals
         0          0         32          0          0          0   (incl. Generated)
        10          0          3          0         13          0   (incl. Padding)

    ----------------------------------------------------------------------

      Code (inc. data)   RO Data    RW Data    ZI Data      Debug   Library Member Name

        60          8          0          0          0         84   __0sscanf.o
         8          0          0          0          0         68   __main.o
       312          4         17          0          0         92   __printf_flags_wp.o
        14          0          0          0          0         68   __printf_wp.o
         0          0          0          0          0          0   __rtentry.o
        12          0          0          0          0          0   __rtentry2.o
         6          0          0          0          0          0   __rtentry4.o
        52          8          0          0          0          0   __scatter.o
        26          0          0          0          0          0   __scatter_copy.o
        28          0          0          0          0          0   __scatter_zi.o
        28          0          0          0          0         68   _chval.o
        44          0          0          0          0        108   _printf_char.o
        48          6          0          0          0         96   _printf_char_common.o
         6          0          0          0          0          0   _printf_d.o
       120         16          0          0          0         92   _printf_dec.o
        88          4         40          0          0         88   _printf_hex_int.o
       178          0          0          0          0         88   _printf_intcommon.o
        78          0          0          0          0        108   _printf_pad.o
         0          0          0          0          0          0   _printf_percent.o
         4          0          0          0          0          0   _printf_percent_end.o
         6          0          0          0          0          0   _printf_s.o
        82          0          0          0          0         80   _printf_str.o
         6          0          0          0          0          0   _printf_x.o
        22          0          0          0          0        100   _rserrno.o
       884          6          0          0          0        100   _scanf.o
       332          0          0          0          0         96   _scanf_int.o
        64          0          0          0          0         84   _sgetc.o
        10          0          0          0          0         68   _sputc.o
       158          0          0          0          0         92   _strtoul.o
        16          0          0          0          0         68   aeabi_memset.o
        10          0          0          0          0         68   defsig_exit.o
        50          0          0          0          0         88   defsig_general.o
        80         58          0          0          0         76   defsig_rtmem_inner.o
        14          0          0          0          0         80   defsig_rtmem_outer.o
        18          0          0          0          0         80   exit.o
        94          0          0          0          0         80   h1_alloc.o
        52          0          0          0          0         68   h1_extend.o
        78          0          0          0          0         80   h1_free.o
        14          0          0          0          0         84   h1_init.o
         6          0          0          0          0        152   heapauxi.o
         4          0          0          0          0        136   hguard.o
         0          0          0          0          0          0   indicate_semi.o
       138          0          0          0          0        168   init_alloc.o
        18          0          0          0          0         76   isspace.o
        44         10        272          0          0         76   lc_ctype_c.o
         2          0          0          0          0          0   libinit.o
        32          0          0          0          0          0   libinit2.o
         2          0          0          0          0          0   libshutdown.o
         2          0          0          0          0          0   libshutdown2.o
         8          4          0          0         96         68   libspace.o
         0          0          0          0          0          0   maybetermalloc1.o
        40          6          0          0          0         84   noretval__2sprintf.o
        16          4          0          0          0         76   rt_ctype_table.o
         8          4          0          0          0         68   rt_errno_addr_intlibspace.o
         8          4          0          0          0         68   rt_heap_descriptor_intlibspace.o
         8          4          0          0          0         68   rt_locale_intlibspace.o
        68          0          0          0          0         68   rt_memclr.o
        78          0          0          0          0         80   rt_memclr_w.o
       138          0          0          0          0         68   rt_memcpy_v6.o
       100          0          0          0          0         80   rt_memcpy_w.o
         2          0          0          0          0          0   rtexit.o
        10          0          0          0          0          0   rtexit2.o
        44          8          0          0          0         84   scanf_char.o
       124          0          0          0          0         88   strcmpv7em.o
        32          0          0          0          0         80   strcspn.o
        62          0          0          0          0         76   strlen.o
        28          0          0          0          0         80   strspn.o
        12          6          0          4          0         68   strtok.o
        68          4          0          0          0         84   strtok_int.o
       112          0          0          0          0         88   strtol.o
       114          0          0          0          0         92   strtoul.o
        12          4          0          0          0         68   sys_exit.o
        74          0          0          0          0         80   sys_stackheap_outer.o
        14          0          0          0          0         76   sys_wrch.o
         2          0          0          0          0         68   use_no_semi.o
        24          0          0          0          0        164   basic.o
       834         16          0          0          0        516   daddsub_clz.o
        24          0          0          0          0        116   dcmpi.o
       692        140          0          0          0        264   ddiv.o
       120          4          0          0          0        140   deqf.o
        94          4          0          0          0        140   dfix.o
        46          0          0          0          0        116   dflt_clz.o
       340         12          0          0          0        152   dmul.o
       156          4          0          0          0        140   dnaninf.o
        12          0          0          0          0        116   dretinf.o
        26          0          0          0          0        116   fpinit.o
         0          0          0          0          0          0   usenofp.o
       100         28          0          0          0        372   dunder.o
       980         92         56          0          0        440   log.o
       304         44          0          0          0        200   log10.o
       248          0          0          0          0        152   poly.o
         0          0          8          0          0          0   qnan.o

    ----------------------------------------------------------------------
      8566        516        394          4         96       7864   Library Totals
        34          4          1          0          0          0   (incl. Padding)

    ----------------------------------------------------------------------

      Code (inc. data)   RO Data    RW Data    ZI Data      Debug   Library Name

      4532        168        329          4         96       4720   c_w.l
      2368        180          0          0          0       1980   fz_wm.l
      1632        164         64          0          0       1164   m_wm.l

    ----------------------------------------------------------------------
      8566        516        394          4         96       7864   Library Totals

    ----------------------------------------------------------------------

==============================================================================


      Code (inc. data)   RO Data    RW Data    ZI Data      Debug   

     14054        950       1834         32       2032      26786   Grand Totals
     14054        950       1834         32       2032      26786   ELF Image Totals
     14054        950       1834         32          0          0   ROM Totals

==============================================================================

    Total RO  Size (Code + RO Data)                15888 (  15.52kB)
    Total RW  Size (RW Data + ZI Data)              2064 (   2.02kB)
    Total ROM Size (Code + RO Data + RW Data)      15920 (  15.55kB)

==============================================================================

